#
# There is insufficient memory for the Java Runtime Environment to continue.
# Native memory allocation (malloc) failed to allocate 1114072 bytes. Error detail: Chunk::new
# Possible reasons:
#   The system is out of physical RAM or swap space
#   This process is running with CompressedOops enabled, and the Java Heap may be blocking the growth of the native heap
# Possible solutions:
#   Reduce memory load on the system
#   Increase physical memory or swap space
#   Check if swap backing store is full
#   Decrease Java heap size (-Xmx/-Xms)
#   Decrease number of Java threads
#   Decrease Java thread stack sizes (-Xss)
#   Set larger code cache with -XX:ReservedCodeCacheSize=
#   JVM is running with Unscaled Compressed Oops mode in which the Java heap is
#     placed in the first 4GB address space. The Java Heap base address is the
#     maximum limit for the native heap growth. Please use -XX:HeapBaseMinAddress
#     to set the Java Heap base and to place the Java Heap above 4GB virtual address.
# This output file may be truncated or incomplete.
#
#  Out of Memory Error (arena.cpp:168), pid=16340, tid=12304
#
# JRE version: OpenJDK Runtime Environment (25.0+1) (build 25-loom+1-11)
# Java VM: OpenJDK 64-Bit Server VM (25-loom+1-11, mixed mode, sharing, tiered, compressed oops, compressed class ptrs, g1 gc, windows-amd64)
# No core dump will be written. Minidumps are not enabled by default on client versions of Windows
#

---------------  S U M M A R Y ------------

Command Line: --enable-native-access=ALL-UNNAMED -Dclassworlds.conf=C:\Users\lobin\Downloads\apache-maven-3.9.16\bin\m2.conf -Dmaven.home=C:\Users\lobin\Downloads\apache-maven-3.9.16 -Dlibrary.jansi.path=C:\Users\lobin\Downloads\apache-maven-3.9.16\lib\jansi-native -Dmaven.multiModuleProjectDirectory=C:\Users\lobin\Downloads\Clinica-medica-backend\clinica-medica-backend org.codehaus.plexus.classworlds.launcher.Launcher spring-boot:run

Host: AMD Ryzen 5 7520U with Radeon Graphics         , 8 cores, 7G,  Windows 11 , 64 bit Build 26100 (10.0.26100.8521)
Time: Tue Jun 30 18:38:08 2026 Hora Padrão de Buenos Aires elapsed time: 3.838145 seconds (0d 0h 0m 3s)

---------------  T H R E A D  ---------------

Current thread (0x0000024d9814eba0):  JavaThread "C2 CompilerThread0" daemon [_thread_in_native, id=12304, stack(0x0000007212700000,0x0000007212800000) (1024K)]


Current CompileTask:
C2:3838 1180 % !   4       java.util.concurrent.ConcurrentHashMap::transfer @ 96 (849 bytes)

Stack: [0x0000007212700000,0x0000007212800000]
Native frames: (J=compiled Java code, j=interpreted, Vv=VM code, C=native code)
V  [jvm.dll+0x738859]  (no source info available)
V  [jvm.dll+0x7075ad]  (no source info available)
V  [jvm.dll+0x8e0493]  (no source info available)
V  [jvm.dll+0x8e29b1]  (no source info available)
V  [jvm.dll+0x8e30b3]  (no source info available)
V  [jvm.dll+0x2b0736]  (no source info available)
V  [jvm.dll+0xd34b8]  (no source info available)
V  [jvm.dll+0xd37d1]  (no source info available)
V  [jvm.dll+0x15a4c3]  (no source info available)
V  [jvm.dll+0x358fd2]  (no source info available)
V  [jvm.dll+0x73e08f]  (no source info available)
V  [jvm.dll+0x275a0b]  (no source info available)
V  [jvm.dll+0x274a8f]  (no source info available)
V  [jvm.dll+0x1efc90]  (no source info available)
V  [jvm.dll+0x28427b]  (no source info available)
V  [jvm.dll+0x2824fa]  (no source info available)
V  [jvm.dll+0x4332e6]  (no source info available)
V  [jvm.dll+0x88747b]  (no source info available)
V  [jvm.dll+0x736f35]  (no source info available)
C  [ucrtbase.dll+0x2cd30]  (no source info available)
C  [KERNEL32.DLL+0x2e957]  (no source info available)
C  [ntdll.dll+0x87c1c]  (no source info available)

Lock stack of current Java thread (top to bottom):


---------------  P R O C E S S  ---------------

Threads class SMR info:
_java_thread_list=0x0000024d98dfbe30, length=13, elements={
0x0000024d384d5fa0, 0x0000024d98136fc0, 0x0000024d98138670, 0x0000024d9813c710,
0x0000024d9813d730, 0x0000024d9813f350, 0x0000024d98141a10, 0x0000024d9814eba0,
0x0000024d9815d9e0, 0x0000024d98280c00, 0x0000024d982ab9a0, 0x0000024d98e8b070,
0x0000024d9d0eeb80
}

Java Threads: ( => current thread )
  0x0000024d384d5fa0 JavaThread "main"                              [_thread_in_Java, id=23012, stack(0x0000007211900000,0x0000007211a00000) (1024K)]
  0x0000024d98136fc0 JavaThread "Reference Handler"          daemon [_thread_blocked, id=18728, stack(0x0000007212100000,0x0000007212200000) (1024K)]
  0x0000024d98138670 JavaThread "Finalizer"                  daemon [_thread_blocked, id=29520, stack(0x0000007212200000,0x0000007212300000) (1024K)]
  0x0000024d9813c710 JavaThread "Signal Dispatcher"          daemon [_thread_blocked, id=5336, stack(0x0000007212300000,0x0000007212400000) (1024K)]
  0x0000024d9813d730 JavaThread "Attach Listener"            daemon [_thread_blocked, id=25360, stack(0x0000007212400000,0x0000007212500000) (1024K)]
  0x0000024d9813f350 JavaThread "Service Thread"             daemon [_thread_blocked, id=26276, stack(0x0000007212500000,0x0000007212600000) (1024K)]
  0x0000024d98141a10 JavaThread "Monitor Deflation Thread"   daemon [_thread_blocked, id=10736, stack(0x0000007212600000,0x0000007212700000) (1024K)]
=>0x0000024d9814eba0 JavaThread "C2 CompilerThread0"         daemon [_thread_in_native, id=12304, stack(0x0000007212700000,0x0000007212800000) (1024K)]
  0x0000024d9815d9e0 JavaThread "C1 CompilerThread0"         daemon [_thread_blocked, id=28236, stack(0x0000007212800000,0x0000007212900000) (1024K)]
  0x0000024d98280c00 JavaThread "Notification Thread"        daemon [_thread_blocked, id=3492, stack(0x0000007212900000,0x0000007212a00000) (1024K)]
  0x0000024d982ab9a0 JavaThread "Common-Cleaner"             daemon [_thread_blocked, id=26780, stack(0x0000007212a00000,0x0000007212b00000) (1024K)]
  0x0000024d98e8b070 JavaThread "C2 CompilerThread1"         daemon [_thread_in_native, id=23224, stack(0x0000007212b00000,0x0000007212c00000) (1024K)]
  0x0000024d9d0eeb80 JavaThread "C2 CompilerThread2"         daemon [_thread_in_native, id=26356, stack(0x0000007212c00000,0x0000007212d00000) (1024K)]
Total: 13

Other Threads:
  0x0000024d98126970 VMThread "VM Thread"                           [id=29672, stack(0x0000007212000000,0x0000007212100000) (1024K)]
  0x0000024d3a8b46c0 WatcherThread "VM Periodic Task Thread"        [id=1664, stack(0x0000007211f00000,0x0000007212000000) (1024K)]
  0x0000024d3a856430 WorkerThread "GC Thread#0"                     [id=20944, stack(0x0000007211a00000,0x0000007211b00000) (1024K)]
  0x0000024d3a86b4c0 ConcurrentGCThread "G1 Main Marker"            [id=2964, stack(0x0000007211b00000,0x0000007211c00000) (1024K)]
  0x0000024d3a86c580 WorkerThread "G1 Conc#0"                       [id=8520, stack(0x0000007211c00000,0x0000007211d00000) (1024K)]
  0x0000024d3a8a9050 ConcurrentGCThread "G1 Refine#0"               [id=29856, stack(0x0000007211d00000,0x0000007211e00000) (1024K)]
  0x0000024d3a8aa8d0 ConcurrentGCThread "G1 Service"                [id=24904, stack(0x0000007211e00000,0x0000007211f00000) (1024K)]
Total: 7

Threads with active compile tasks:
C2 CompilerThread0  3969 1180 % !   4       java.util.concurrent.ConcurrentHashMap::transfer @ 96 (849 bytes)
C2 CompilerThread1  3969 1261   !   4       sun.nio.cs.StreamDecoder::read (220 bytes)
C2 CompilerThread2  3969 1274       4       java.io.InputStreamReader::read (11 bytes)
Total: 3

VM state: not at safepoint (normal execution)

VM Mutex/Monitor currently owned by a thread: None

Heap address: 0x000000008b800000, size: 1864 MB, Compressed Oops mode: 32-bit

CDS archive(s) mapped at: [0x0000024d57000000-0x0000024d57d50000-0x0000024d57d50000), size 13959168, SharedBaseAddress: 0x0000024d57000000, ArchiveRelocationMode: 1.
Compressed class space mapped at: 0x0000024d58000000-0x0000024d98000000, reserved size: 1073741824
UseCompressedClassPointers 1, UseCompactObjectHeaders 0
Narrow klass pointer bits 32, Max shift 3
Narrow klass base: 0x0000024d57000000, Narrow klass shift: 0
Encoding Range: [0x0000024d57000000 - 0x0000024e57000000), (4294967296 bytes)
Klass Range:    [0x0000024d57000000 - 0x0000024d98000000), (1090519040 bytes)
Klass ID Range:  [8 - 1090519033) (1090519025)

GC Precious Log:
 CardTable entry size: 512
 Card Set container configuration: InlinePtr #cards 5 size 8 Array Of Cards #cards 10 size 36 Howl #buckets 4 coarsen threshold 1843 Howl Bitmap #cards 512 size 80 coarsen threshold 460 Card regions per heap region 1 cards per card region 2048
 CPUs: 8 total, 8 available
 Memory: 7455M
 Large Page Support: Disabled
 NUMA Support: Disabled
 Compressed Oops: Enabled (32-bit)
 Heap Region Size: 1M
 Heap Min Capacity: 8M
 Heap Initial Capacity: 118M
 Heap Max Capacity: 1864M
 Pre-touch: Disabled
 Parallel Workers: 8
 Concurrent Workers: 2
 Concurrent Refinement Workers: 8
 Periodic GC: Disabled

Heap:
 garbage-first heap   total reserved 1908736K, committed 122880K, used 22663K [0x000000008b800000, 0x0000000100000000)
  region size 1024K, 22 young (22528K), 0 survivors (0K)
 Metaspace       used 5626K, committed 5760K, reserved 1114112K
  class space    used 514K, committed 576K, reserved 1048576K

Heap Regions: E=young(eden), S=young(survivor), O=old, HS=humongous(starts), HC=humongous(continues), CS=collection set, F=free, TAMS=top-at-mark-start, PB=parsable bottom
|   0|0x000000008b800000, 0x000000008b800000, 0x000000008b900000|  0%| F|  |TAMS 0x000000008b800000| PB 0x000000008b800000| Untracked |  0
|   1|0x000000008b900000, 0x000000008b900000, 0x000000008ba00000|  0%| F|  |TAMS 0x000000008b900000| PB 0x000000008b900000| Untracked |  0
|   2|0x000000008ba00000, 0x000000008ba00000, 0x000000008bb00000|  0%| F|  |TAMS 0x000000008ba00000| PB 0x000000008ba00000| Untracked |  0
|   3|0x000000008bb00000, 0x000000008bb00000, 0x000000008bc00000|  0%| F|  |TAMS 0x000000008bb00000| PB 0x000000008bb00000| Untracked |  0
|   4|0x000000008bc00000, 0x000000008bc00000, 0x000000008bd00000|  0%| F|  |TAMS 0x000000008bc00000| PB 0x000000008bc00000| Untracked |  0
|   5|0x000000008bd00000, 0x000000008bd00000, 0x000000008be00000|  0%| F|  |TAMS 0x000000008bd00000| PB 0x000000008bd00000| Untracked |  0
|   6|0x000000008be00000, 0x000000008be00000, 0x000000008bf00000|  0%| F|  |TAMS 0x000000008be00000| PB 0x000000008be00000| Untracked |  0
|   7|0x000000008bf00000, 0x000000008bf00000, 0x000000008c000000|  0%| F|  |TAMS 0x000000008bf00000| PB 0x000000008bf00000| Untracked |  0
|   8|0x000000008c000000, 0x000000008c000000, 0x000000008c100000|  0%| F|  |TAMS 0x000000008c000000| PB 0x000000008c000000| Untracked |  0
|   9|0x000000008c100000, 0x000000008c100000, 0x000000008c200000|  0%| F|  |TAMS 0x000000008c100000| PB 0x000000008c100000| Untracked |  0
|  10|0x000000008c200000, 0x000000008c200000, 0x000000008c300000|  0%| F|  |TAMS 0x000000008c200000| PB 0x000000008c200000| Untracked |  0
|  11|0x000000008c300000, 0x000000008c300000, 0x000000008c400000|  0%| F|  |TAMS 0x000000008c300000| PB 0x000000008c300000| Untracked |  0
|  12|0x000000008c400000, 0x000000008c400000, 0x000000008c500000|  0%| F|  |TAMS 0x000000008c400000| PB 0x000000008c400000| Untracked |  0
|  13|0x000000008c500000, 0x000000008c500000, 0x000000008c600000|  0%| F|  |TAMS 0x000000008c500000| PB 0x000000008c500000| Untracked |  0
|  14|0x000000008c600000, 0x000000008c600000, 0x000000008c700000|  0%| F|  |TAMS 0x000000008c600000| PB 0x000000008c600000| Untracked |  0
|  15|0x000000008c700000, 0x000000008c700000, 0x000000008c800000|  0%| F|  |TAMS 0x000000008c700000| PB 0x000000008c700000| Untracked |  0
|  16|0x000000008c800000, 0x000000008c800000, 0x000000008c900000|  0%| F|  |TAMS 0x000000008c800000| PB 0x000000008c800000| Untracked |  0
|  17|0x000000008c900000, 0x000000008c900000, 0x000000008ca00000|  0%| F|  |TAMS 0x000000008c900000| PB 0x000000008c900000| Untracked |  0
|  18|0x000000008ca00000, 0x000000008ca00000, 0x000000008cb00000|  0%| F|  |TAMS 0x000000008ca00000| PB 0x000000008ca00000| Untracked |  0
|  19|0x000000008cb00000, 0x000000008cb00000, 0x000000008cc00000|  0%| F|  |TAMS 0x000000008cb00000| PB 0x000000008cb00000| Untracked |  0
|  20|0x000000008cc00000, 0x000000008cc00000, 0x000000008cd00000|  0%| F|  |TAMS 0x000000008cc00000| PB 0x000000008cc00000| Untracked |  0
|  21|0x000000008cd00000, 0x000000008cd00000, 0x000000008ce00000|  0%| F|  |TAMS 0x000000008cd00000| PB 0x000000008cd00000| Untracked |  0
|  22|0x000000008ce00000, 0x000000008ce00000, 0x000000008cf00000|  0%| F|  |TAMS 0x000000008ce00000| PB 0x000000008ce00000| Untracked |  0
|  23|0x000000008cf00000, 0x000000008cf00000, 0x000000008d000000|  0%| F|  |TAMS 0x000000008cf00000| PB 0x000000008cf00000| Untracked |  0
|  24|0x000000008d000000, 0x000000008d000000, 0x000000008d100000|  0%| F|  |TAMS 0x000000008d000000| PB 0x000000008d000000| Untracked |  0
|  25|0x000000008d100000, 0x000000008d100000, 0x000000008d200000|  0%| F|  |TAMS 0x000000008d100000| PB 0x000000008d100000| Untracked |  0
|  26|0x000000008d200000, 0x000000008d200000, 0x000000008d300000|  0%| F|  |TAMS 0x000000008d200000| PB 0x000000008d200000| Untracked |  0
|  27|0x000000008d300000, 0x000000008d300000, 0x000000008d400000|  0%| F|  |TAMS 0x000000008d300000| PB 0x000000008d300000| Untracked |  0
|  28|0x000000008d400000, 0x000000008d400000, 0x000000008d500000|  0%| F|  |TAMS 0x000000008d400000| PB 0x000000008d400000| Untracked |  0
|  29|0x000000008d500000, 0x000000008d500000, 0x000000008d600000|  0%| F|  |TAMS 0x000000008d500000| PB 0x000000008d500000| Untracked |  0
|  30|0x000000008d600000, 0x000000008d600000, 0x000000008d700000|  0%| F|  |TAMS 0x000000008d600000| PB 0x000000008d600000| Untracked |  0
|  31|0x000000008d700000, 0x000000008d700000, 0x000000008d800000|  0%| F|  |TAMS 0x000000008d700000| PB 0x000000008d700000| Untracked |  0
|  32|0x000000008d800000, 0x000000008d800000, 0x000000008d900000|  0%| F|  |TAMS 0x000000008d800000| PB 0x000000008d800000| Untracked |  0
|  33|0x000000008d900000, 0x000000008d900000, 0x000000008da00000|  0%| F|  |TAMS 0x000000008d900000| PB 0x000000008d900000| Untracked |  0
|  34|0x000000008da00000, 0x000000008da00000, 0x000000008db00000|  0%| F|  |TAMS 0x000000008da00000| PB 0x000000008da00000| Untracked |  0
|  35|0x000000008db00000, 0x000000008db00000, 0x000000008dc00000|  0%| F|  |TAMS 0x000000008db00000| PB 0x000000008db00000| Untracked |  0
|  36|0x000000008dc00000, 0x000000008dc00000, 0x000000008dd00000|  0%| F|  |TAMS 0x000000008dc00000| PB 0x000000008dc00000| Untracked |  0
|  37|0x000000008dd00000, 0x000000008dd00000, 0x000000008de00000|  0%| F|  |TAMS 0x000000008dd00000| PB 0x000000008dd00000| Untracked |  0
|  38|0x000000008de00000, 0x000000008de00000, 0x000000008df00000|  0%| F|  |TAMS 0x000000008de00000| PB 0x000000008de00000| Untracked |  0
|  39|0x000000008df00000, 0x000000008df00000, 0x000000008e000000|  0%| F|  |TAMS 0x000000008df00000| PB 0x000000008df00000| Untracked |  0
|  40|0x000000008e000000, 0x000000008e000000, 0x000000008e100000|  0%| F|  |TAMS 0x000000008e000000| PB 0x000000008e000000| Untracked |  0
|  41|0x000000008e100000, 0x000000008e100000, 0x000000008e200000|  0%| F|  |TAMS 0x000000008e100000| PB 0x000000008e100000| Untracked |  0
|  42|0x000000008e200000, 0x000000008e200000, 0x000000008e300000|  0%| F|  |TAMS 0x000000008e200000| PB 0x000000008e200000| Untracked |  0
|  43|0x000000008e300000, 0x000000008e300000, 0x000000008e400000|  0%| F|  |TAMS 0x000000008e300000| PB 0x000000008e300000| Untracked |  0
|  44|0x000000008e400000, 0x000000008e400000, 0x000000008e500000|  0%| F|  |TAMS 0x000000008e400000| PB 0x000000008e400000| Untracked |  0
|  45|0x000000008e500000, 0x000000008e500000, 0x000000008e600000|  0%| F|  |TAMS 0x000000008e500000| PB 0x000000008e500000| Untracked |  0
|  46|0x000000008e600000, 0x000000008e600000, 0x000000008e700000|  0%| F|  |TAMS 0x000000008e600000| PB 0x000000008e600000| Untracked |  0
|  47|0x000000008e700000, 0x000000008e700000, 0x000000008e800000|  0%| F|  |TAMS 0x000000008e700000| PB 0x000000008e700000| Untracked |  0
|  48|0x000000008e800000, 0x000000008e800000, 0x000000008e900000|  0%| F|  |TAMS 0x000000008e800000| PB 0x000000008e800000| Untracked |  0
|  49|0x000000008e900000, 0x000000008e900000, 0x000000008ea00000|  0%| F|  |TAMS 0x000000008e900000| PB 0x000000008e900000| Untracked |  0
|  50|0x000000008ea00000, 0x000000008ea00000, 0x000000008eb00000|  0%| F|  |TAMS 0x000000008ea00000| PB 0x000000008ea00000| Untracked |  0
|  51|0x000000008eb00000, 0x000000008eb00000, 0x000000008ec00000|  0%| F|  |TAMS 0x000000008eb00000| PB 0x000000008eb00000| Untracked |  0
|  52|0x000000008ec00000, 0x000000008ec00000, 0x000000008ed00000|  0%| F|  |TAMS 0x000000008ec00000| PB 0x000000008ec00000| Untracked |  0
|  53|0x000000008ed00000, 0x000000008ed00000, 0x000000008ee00000|  0%| F|  |TAMS 0x000000008ed00000| PB 0x000000008ed00000| Untracked |  0
|  54|0x000000008ee00000, 0x000000008ee00000, 0x000000008ef00000|  0%| F|  |TAMS 0x000000008ee00000| PB 0x000000008ee00000| Untracked |  0
|  55|0x000000008ef00000, 0x000000008ef00000, 0x000000008f000000|  0%| F|  |TAMS 0x000000008ef00000| PB 0x000000008ef00000| Untracked |  0
|  56|0x000000008f000000, 0x000000008f000000, 0x000000008f100000|  0%| F|  |TAMS 0x000000008f000000| PB 0x000000008f000000| Untracked |  0
|  57|0x000000008f100000, 0x000000008f100000, 0x000000008f200000|  0%| F|  |TAMS 0x000000008f100000| PB 0x000000008f100000| Untracked |  0
|  58|0x000000008f200000, 0x000000008f200000, 0x000000008f300000|  0%| F|  |TAMS 0x000000008f200000| PB 0x000000008f200000| Untracked |  0
|  59|0x000000008f300000, 0x000000008f300000, 0x000000008f400000|  0%| F|  |TAMS 0x000000008f300000| PB 0x000000008f300000| Untracked |  0
|  60|0x000000008f400000, 0x000000008f400000, 0x000000008f500000|  0%| F|  |TAMS 0x000000008f400000| PB 0x000000008f400000| Untracked |  0
|  61|0x000000008f500000, 0x000000008f500000, 0x000000008f600000|  0%| F|  |TAMS 0x000000008f500000| PB 0x000000008f500000| Untracked |  0
|  62|0x000000008f600000, 0x000000008f600000, 0x000000008f700000|  0%| F|  |TAMS 0x000000008f600000| PB 0x000000008f600000| Untracked |  0
|  63|0x000000008f700000, 0x000000008f700000, 0x000000008f800000|  0%| F|  |TAMS 0x000000008f700000| PB 0x000000008f700000| Untracked |  0
|  64|0x000000008f800000, 0x000000008f800000, 0x000000008f900000|  0%| F|  |TAMS 0x000000008f800000| PB 0x000000008f800000| Untracked |  0
|  65|0x000000008f900000, 0x000000008f900000, 0x000000008fa00000|  0%| F|  |TAMS 0x000000008f900000| PB 0x000000008f900000| Untracked |  0
|  66|0x000000008fa00000, 0x000000008fa00000, 0x000000008fb00000|  0%| F|  |TAMS 0x000000008fa00000| PB 0x000000008fa00000| Untracked |  0
|  67|0x000000008fb00000, 0x000000008fb00000, 0x000000008fc00000|  0%| F|  |TAMS 0x000000008fb00000| PB 0x000000008fb00000| Untracked |  0
|  68|0x000000008fc00000, 0x000000008fc00000, 0x000000008fd00000|  0%| F|  |TAMS 0x000000008fc00000| PB 0x000000008fc00000| Untracked |  0
|  69|0x000000008fd00000, 0x000000008fd00000, 0x000000008fe00000|  0%| F|  |TAMS 0x000000008fd00000| PB 0x000000008fd00000| Untracked |  0
|  70|0x000000008fe00000, 0x000000008fe00000, 0x000000008ff00000|  0%| F|  |TAMS 0x000000008fe00000| PB 0x000000008fe00000| Untracked |  0
|  71|0x000000008ff00000, 0x000000008ff00000, 0x0000000090000000|  0%| F|  |TAMS 0x000000008ff00000| PB 0x000000008ff00000| Untracked |  0
|  72|0x0000000090000000, 0x0000000090000000, 0x0000000090100000|  0%| F|  |TAMS 0x0000000090000000| PB 0x0000000090000000| Untracked |  0
|  73|0x0000000090100000, 0x0000000090100000, 0x0000000090200000|  0%| F|  |TAMS 0x0000000090100000| PB 0x0000000090100000| Untracked |  0
|  74|0x0000000090200000, 0x0000000090200000, 0x0000000090300000|  0%| F|  |TAMS 0x0000000090200000| PB 0x0000000090200000| Untracked |  0
|  75|0x0000000090300000, 0x0000000090300000, 0x0000000090400000|  0%| F|  |TAMS 0x0000000090300000| PB 0x0000000090300000| Untracked |  0
|  76|0x0000000090400000, 0x0000000090400000, 0x0000000090500000|  0%| F|  |TAMS 0x0000000090400000| PB 0x0000000090400000| Untracked |  0
|  77|0x0000000090500000, 0x0000000090500000, 0x0000000090600000|  0%| F|  |TAMS 0x0000000090500000| PB 0x0000000090500000| Untracked |  0
|  78|0x0000000090600000, 0x0000000090600000, 0x0000000090700000|  0%| F|  |TAMS 0x0000000090600000| PB 0x0000000090600000| Untracked |  0
|  79|0x0000000090700000, 0x0000000090700000, 0x0000000090800000|  0%| F|  |TAMS 0x0000000090700000| PB 0x0000000090700000| Untracked |  0
|  80|0x0000000090800000, 0x0000000090800000, 0x0000000090900000|  0%| F|  |TAMS 0x0000000090800000| PB 0x0000000090800000| Untracked |  0
|  81|0x0000000090900000, 0x0000000090900000, 0x0000000090a00000|  0%| F|  |TAMS 0x0000000090900000| PB 0x0000000090900000| Untracked |  0
|  82|0x0000000090a00000, 0x0000000090a00000, 0x0000000090b00000|  0%| F|  |TAMS 0x0000000090a00000| PB 0x0000000090a00000| Untracked |  0
|  83|0x0000000090b00000, 0x0000000090b00000, 0x0000000090c00000|  0%| F|  |TAMS 0x0000000090b00000| PB 0x0000000090b00000| Untracked |  0
|  84|0x0000000090c00000, 0x0000000090c00000, 0x0000000090d00000|  0%| F|  |TAMS 0x0000000090c00000| PB 0x0000000090c00000| Untracked |  0
|  85|0x0000000090d00000, 0x0000000090d00000, 0x0000000090e00000|  0%| F|  |TAMS 0x0000000090d00000| PB 0x0000000090d00000| Untracked |  0
|  86|0x0000000090e00000, 0x0000000090e00000, 0x0000000090f00000|  0%| F|  |TAMS 0x0000000090e00000| PB 0x0000000090e00000| Untracked |  0
|  87|0x0000000090f00000, 0x0000000090f00000, 0x0000000091000000|  0%| F|  |TAMS 0x0000000090f00000| PB 0x0000000090f00000| Untracked |  0
|  88|0x0000000091000000, 0x0000000091000000, 0x0000000091100000|  0%| F|  |TAMS 0x0000000091000000| PB 0x0000000091000000| Untracked |  0
|  89|0x0000000091100000, 0x0000000091100000, 0x0000000091200000|  0%| F|  |TAMS 0x0000000091100000| PB 0x0000000091100000| Untracked |  0
|  90|0x0000000091200000, 0x0000000091200000, 0x0000000091300000|  0%| F|  |TAMS 0x0000000091200000| PB 0x0000000091200000| Untracked |  0
|  91|0x0000000091300000, 0x0000000091300000, 0x0000000091400000|  0%| F|  |TAMS 0x0000000091300000| PB 0x0000000091300000| Untracked |  0
|  92|0x0000000091400000, 0x0000000091400000, 0x0000000091500000|  0%| F|  |TAMS 0x0000000091400000| PB 0x0000000091400000| Untracked |  0
|  93|0x0000000091500000, 0x0000000091500000, 0x0000000091600000|  0%| F|  |TAMS 0x0000000091500000| PB 0x0000000091500000| Untracked |  0
|  94|0x0000000091600000, 0x0000000091600000, 0x0000000091700000|  0%| F|  |TAMS 0x0000000091600000| PB 0x0000000091600000| Untracked |  0
|  95|0x0000000091700000, 0x0000000091700000, 0x0000000091800000|  0%| F|  |TAMS 0x0000000091700000| PB 0x0000000091700000| Untracked |  0
|  96|0x0000000091800000, 0x0000000091900000, 0x0000000091900000|100%| E|  |TAMS 0x0000000091800000| PB 0x0000000091800000| Complete |  0
|  97|0x0000000091900000, 0x0000000091a00000, 0x0000000091a00000|100%| E|CS|TAMS 0x0000000091900000| PB 0x0000000091900000| Complete |  0
|  98|0x0000000091a00000, 0x0000000091b00000, 0x0000000091b00000|100%| E|CS|TAMS 0x0000000091a00000| PB 0x0000000091a00000| Complete |  0
|  99|0x0000000091b00000, 0x0000000091c00000, 0x0000000091c00000|100%| E|CS|TAMS 0x0000000091b00000| PB 0x0000000091b00000| Complete |  0
| 100|0x0000000091c00000, 0x0000000091d00000, 0x0000000091d00000|100%| E|CS|TAMS 0x0000000091c00000| PB 0x0000000091c00000| Complete |  0
| 101|0x0000000091d00000, 0x0000000091e00000, 0x0000000091e00000|100%| E|CS|TAMS 0x0000000091d00000| PB 0x0000000091d00000| Complete |  0
| 102|0x0000000091e00000, 0x0000000091f00000, 0x0000000091f00000|100%| E|CS|TAMS 0x0000000091e00000| PB 0x0000000091e00000| Complete |  0
| 103|0x0000000091f00000, 0x0000000092000000, 0x0000000092000000|100%| E|CS|TAMS 0x0000000091f00000| PB 0x0000000091f00000| Complete |  0
| 104|0x0000000092000000, 0x0000000092100000, 0x0000000092100000|100%| E|CS|TAMS 0x0000000092000000| PB 0x0000000092000000| Complete |  0
| 105|0x0000000092100000, 0x0000000092200000, 0x0000000092200000|100%| E|CS|TAMS 0x0000000092100000| PB 0x0000000092100000| Complete |  0
| 106|0x0000000092200000, 0x0000000092300000, 0x0000000092300000|100%| E|CS|TAMS 0x0000000092200000| PB 0x0000000092200000| Complete |  0
| 107|0x0000000092300000, 0x0000000092400000, 0x0000000092400000|100%| E|CS|TAMS 0x0000000092300000| PB 0x0000000092300000| Complete |  0
| 108|0x0000000092400000, 0x0000000092500000, 0x0000000092500000|100%| E|CS|TAMS 0x0000000092400000| PB 0x0000000092400000| Complete |  0
| 109|0x0000000092500000, 0x0000000092600000, 0x0000000092600000|100%| E|CS|TAMS 0x0000000092500000| PB 0x0000000092500000| Complete |  0
| 110|0x0000000092600000, 0x0000000092700000, 0x0000000092700000|100%| E|CS|TAMS 0x0000000092600000| PB 0x0000000092600000| Complete |  0
| 111|0x0000000092700000, 0x0000000092800000, 0x0000000092800000|100%| E|CS|TAMS 0x0000000092700000| PB 0x0000000092700000| Complete |  0
| 112|0x0000000092800000, 0x0000000092900000, 0x0000000092900000|100%| E|CS|TAMS 0x0000000092800000| PB 0x0000000092800000| Complete |  0
| 113|0x0000000092900000, 0x0000000092a00000, 0x0000000092a00000|100%| E|CS|TAMS 0x0000000092900000| PB 0x0000000092900000| Complete |  0
| 114|0x0000000092a00000, 0x0000000092b00000, 0x0000000092b00000|100%| E|CS|TAMS 0x0000000092a00000| PB 0x0000000092a00000| Complete |  0
| 115|0x0000000092b00000, 0x0000000092c00000, 0x0000000092c00000|100%| E|CS|TAMS 0x0000000092b00000| PB 0x0000000092b00000| Complete |  0
| 116|0x0000000092c00000, 0x0000000092d00000, 0x0000000092d00000|100%| E|CS|TAMS 0x0000000092c00000| PB 0x0000000092c00000| Complete |  0
| 117|0x0000000092d00000, 0x0000000092e00000, 0x0000000092e00000|100%| E|CS|TAMS 0x0000000092d00000| PB 0x0000000092d00000| Complete |  0
|1862|0x00000000ffe00000, 0x00000000fff00000, 0x00000000fff00000|100%| O|  |TAMS 0x00000000ffe00000| PB 0x00000000ffe00000| Untracked |  0
|1863|0x00000000fff00000, 0x00000000fff21e20, 0x0000000100000000| 13%| O|  |TAMS 0x00000000fff00000| PB 0x00000000fff00000| Untracked |  0

Card table byte_map: [0x0000024d526a0000,0x0000024d52a50000] _byte_map_base: 0x0000024d52244000

Marking Bits: (CMBitMap*) 0x0000024d3a856940
 Bits: [0x0000024d52a50000, 0x0000024d54770000)

Polling page: 0x0000024d386a0000

Metaspace:

Usage:
  Non-class:      4.99 MB used.
      Class:    514.77 KB used.
       Both:      5.50 MB used.

Virtual space:
  Non-class space:       64.00 MB reserved,       5.06 MB (  8%) committed,  1 nodes.
      Class space:        1.00 GB reserved,     576.00 KB ( <1%) committed,  1 nodes.
             Both:        1.06 GB reserved,       5.62 MB ( <1%) committed. 

Chunk freelists:
   Non-Class:  9.12 MB
       Class:  15.39 MB
        Both:  24.52 MB

MaxMetaspaceSize: unlimited
CompressedClassSpaceSize: 1.00 GB
Initial GC threshold: 21.00 MB
Current GC threshold: 21.00 MB
CDS: on
 - commit_granule_bytes: 65536.
 - commit_granule_words: 8192.
 - virtual_space_node_default_size: 8388608.
 - enlarge_chunks_in_place: 1.
UseCompressedClassPointers 1, UseCompactObjectHeaders 0
Narrow klass pointer bits 32, Max shift 3
Narrow klass base: 0x0000024d57000000, Narrow klass shift: 0
Encoding Range: [0x0000024d57000000 - 0x0000024e57000000), (4294967296 bytes)
Klass Range:    [0x0000024d57000000 - 0x0000024d98000000), (1090519040 bytes)
Klass ID Range:  [8 - 1090519033) (1090519025)


Internal statistics:

num_allocs_failed_limit: 0.
num_arena_births: 64.
num_arena_deaths: 0.
num_vsnodes_births: 2.
num_vsnodes_deaths: 0.
num_space_committed: 90.
num_space_uncommitted: 0.
num_chunks_returned_to_freelist: 0.
num_chunks_taken_from_freelist: 229.
num_chunk_merges: 0.
num_chunk_splits: 143.
num_chunks_enlarged: 113.
num_inconsistent_stats: 0.

CodeHeap 'non-profiled nmethods': size=120064Kb used=363Kb max_used=363Kb free=119700Kb
 bounds [0x0000024d4aa70000, 0x0000024d4ace0000, 0x0000024d51fb0000]
CodeHeap 'profiled nmethods': size=120000Kb used=2024Kb max_used=2024Kb free=117976Kb
 bounds [0x0000024d42fb0000, 0x0000024d43220000, 0x0000024d4a4e0000]
CodeHeap 'non-nmethods': size=5696Kb used=1322Kb max_used=1343Kb free=4373Kb
 bounds [0x0000024d4a4e0000, 0x0000024d4a750000, 0x0000024d4aa70000]
CodeCache: size=245760Kb, used=3709Kb, max_used=3730Kb, free=242049Kb
 total_blobs=1748, nmethods=1275, adapters=377, full_count=0
Compilation: enabled, stopped_count=0, restarted_count=0

Compilation events (20 events):
Event: 2.677 Thread 0x0000024d9815d9e0 1176       3       java.lang.PublicMethods$Key::matches (31 bytes)
Event: 2.677 Thread 0x0000024d9815d9e0 nmethod 1176 0x0000024d43177e08 code [0x0000024d43177f60, 0x0000024d43178378]
Event: 2.678 Thread 0x0000024d9814eba0 nmethod 1175 0x0000024d4aac4e08 code [0x0000024d4aac4f20, 0x0000024d4aac5110]
Event: 2.817 Thread 0x0000024d9815d9e0 1179       3       java.util.jar.JarFile$JarFileEntry::getRealName (5 bytes)
Event: 2.817 Thread 0x0000024d9815d9e0 nmethod 1179 0x0000024d43178408 code [0x0000024d43178500, 0x0000024d43178620]
Event: 2.818 Thread 0x0000024d9814eba0 1180 % !   4       java.util.concurrent.ConcurrentHashMap::transfer @ 96 (849 bytes)
Event: 2.824 Thread 0x0000024d9815d9e0 1181       3       java.util.ArrayList$Itr::<init> (26 bytes)
Event: 2.824 Thread 0x0000024d9815d9e0 nmethod 1181 0x0000024d43178708 code [0x0000024d43178820, 0x0000024d431789f8]
Event: 2.825 Thread 0x0000024d9815d9e0 1182       3       java.lang.invoke.MethodHandles$Lookup::checkSymbolicClass (25 bytes)
Event: 2.826 Thread 0x0000024d9815d9e0 nmethod 1182 0x0000024d43178a88 code [0x0000024d43178bc0, 0x0000024d43178f38]
Event: 2.826 Thread 0x0000024d9815d9e0 1183       3       java.lang.invoke.MemberName::isCallerSensitive (8 bytes)
Event: 2.826 Thread 0x0000024d9815d9e0 nmethod 1183 0x0000024d43178f88 code [0x0000024d431790a0, 0x0000024d43179260]
Event: 2.826 Thread 0x0000024d9815d9e0 1185       1       java.lang.invoke.InfoFromMemberName::getReferenceKind (5 bytes)
Event: 2.826 Thread 0x0000024d9815d9e0 nmethod 1185 0x0000024d4aac5488 code [0x0000024d4aac5580, 0x0000024d4aac5648]
Event: 2.830 Thread 0x0000024d9815d9e0 1186       3       jdk.internal.classfile.impl.RawBytecodeHelper$CodeRange::start (9 bytes)
Event: 2.830 Thread 0x0000024d9815d9e0 nmethod 1186 0x0000024d43179288 code [0x0000024d431793a0, 0x0000024d43179628]
Event: 2.830 Thread 0x0000024d9815d9e0 1187       3       jdk.internal.classfile.impl.RawBytecodeHelper::<init> (10 bytes)
Event: 2.830 Thread 0x0000024d9815d9e0 nmethod 1187 0x0000024d43179688 code [0x0000024d431797a0, 0x0000024d43179950]
Event: 2.833 Thread 0x0000024d9815d9e0 1188       3       java.lang.invoke.LambdaForm::uncustomize (57 bytes)
Event: 2.833 Thread 0x0000024d9815d9e0 nmethod 1188 0x0000024d43179988 code [0x0000024d43179ac0, 0x0000024d43179da8]

GC Heap History (0 events):
No events

Dll operation events (8 events):
Event: 0.017 Loaded shared library C:\Users\lobin\.jdks\loom-ea-25-loom+1-11\bin\java.dll
Event: 0.065 Loaded shared library C:\Users\lobin\.jdks\loom-ea-25-loom+1-11\bin\jsvml.dll
Event: 0.093 Loaded shared library C:\Users\lobin\.jdks\loom-ea-25-loom+1-11\bin\net.dll
Event: 0.099 Loaded shared library C:\Users\lobin\.jdks\loom-ea-25-loom+1-11\bin\nio.dll
Event: 0.108 Loaded shared library C:\Users\lobin\.jdks\loom-ea-25-loom+1-11\bin\zip.dll
Event: 0.674 Loaded shared library C:\Users\lobin\.jdks\loom-ea-25-loom+1-11\bin\jimage.dll
Event: 0.725 Loaded shared library C:\Users\lobin\Downloads\apache-maven-3.9.16\lib\jansi-native\Windows\x86_64\jansi.dll
Event: 0.926 Loaded shared library C:\Users\lobin\.jdks\loom-ea-25-loom+1-11\bin\verify.dll

Deoptimization events (20 events):
Event: 1.363 Thread 0x0000024d384d5fa0 DEOPT PACKING pc=0x0000024d4aa85fcc sp=0x00000072119fe290
Event: 1.363 Thread 0x0000024d384d5fa0 DEOPT UNPACKING pc=0x0000024d4a5f63e2 sp=0x00000072119fe220 mode 2
Event: 1.465 Thread 0x0000024d384d5fa0 DEOPT PACKING pc=0x0000024d42fd8ff8 sp=0x00000072119fd520
Event: 1.466 Thread 0x0000024d384d5fa0 DEOPT UNPACKING pc=0x0000024d4a536582 sp=0x00000072119fc9b0 mode 0
Event: 1.681 Thread 0x0000024d384d5fa0 Uncommon trap: trap_request=0xffffffde fr.pc=0x0000024d4aaba09c relative=0x00000000000000fc
Event: 1.681 Thread 0x0000024d384d5fa0 Uncommon trap: reason=class_check action=maybe_recompile pc=0x0000024d4aaba09c method=jdk.internal.misc.Unsafe.allocateUninitializedArray(Ljava/lang/Class;I)Ljava/lang/Object; @ 51 c2
Event: 1.681 Thread 0x0000024d384d5fa0 DEOPT PACKING pc=0x0000024d4aaba09c sp=0x00000072119f95e0
Event: 1.681 Thread 0x0000024d384d5fa0 DEOPT UNPACKING pc=0x0000024d4a5f63e2 sp=0x00000072119f9558 mode 2
Event: 1.681 Thread 0x0000024d384d5fa0 Uncommon trap: trap_request=0xffffffde fr.pc=0x0000024d4aaba09c relative=0x00000000000000fc
Event: 1.681 Thread 0x0000024d384d5fa0 Uncommon trap: reason=class_check action=maybe_recompile pc=0x0000024d4aaba09c method=jdk.internal.misc.Unsafe.allocateUninitializedArray(Ljava/lang/Class;I)Ljava/lang/Object; @ 51 c2
Event: 1.681 Thread 0x0000024d384d5fa0 DEOPT PACKING pc=0x0000024d4aaba09c sp=0x00000072119f95e0
Event: 1.681 Thread 0x0000024d384d5fa0 DEOPT UNPACKING pc=0x0000024d4a5f63e2 sp=0x00000072119f9558 mode 2
Event: 1.681 Thread 0x0000024d384d5fa0 Uncommon trap: trap_request=0xffffffde fr.pc=0x0000024d4aaba09c relative=0x00000000000000fc
Event: 1.681 Thread 0x0000024d384d5fa0 Uncommon trap: reason=class_check action=maybe_recompile pc=0x0000024d4aaba09c method=jdk.internal.misc.Unsafe.allocateUninitializedArray(Ljava/lang/Class;I)Ljava/lang/Object; @ 51 c2
Event: 1.681 Thread 0x0000024d384d5fa0 DEOPT PACKING pc=0x0000024d4aaba09c sp=0x00000072119f96b0
Event: 1.681 Thread 0x0000024d384d5fa0 DEOPT UNPACKING pc=0x0000024d4a5f63e2 sp=0x00000072119f9628 mode 2
Event: 1.681 Thread 0x0000024d384d5fa0 Uncommon trap: trap_request=0xffffffde fr.pc=0x0000024d4aaba09c relative=0x00000000000000fc
Event: 1.681 Thread 0x0000024d384d5fa0 Uncommon trap: reason=class_check action=maybe_recompile pc=0x0000024d4aaba09c method=jdk.internal.misc.Unsafe.allocateUninitializedArray(Ljava/lang/Class;I)Ljava/lang/Object; @ 51 c2
Event: 1.681 Thread 0x0000024d384d5fa0 DEOPT PACKING pc=0x0000024d4aaba09c sp=0x00000072119f96b0
Event: 1.681 Thread 0x0000024d384d5fa0 DEOPT UNPACKING pc=0x0000024d4a5f63e2 sp=0x00000072119f9628 mode 2

Classes loaded (20 events):
Event: 2.597 Loading class jdk/internal/classfile/impl/StackMapDecoder
Event: 2.598 Loading class jdk/internal/classfile/impl/StackMapDecoder done
Event: 2.598 Loading class jdk/internal/classfile/impl/StackMapDecoder$1
Event: 2.598 Loading class jdk/internal/classfile/impl/StackMapDecoder$1 done
Event: 2.602 Loading class java/lang/reflect/UndeclaredThrowableException
Event: 2.603 Loading class java/lang/reflect/UndeclaredThrowableException done
Event: 2.668 Loading class java/lang/annotation/Target
Event: 2.668 Loading class java/lang/annotation/Target done
Event: 2.668 Loading class java/lang/annotation/ElementType
Event: 2.668 Loading class java/lang/annotation/ElementType done
Event: 2.669 Loading class java/lang/annotation/Documented
Event: 2.669 Loading class java/lang/annotation/Documented done
Event: 2.805 Loading class java/util/concurrent/TimeoutException
Event: 2.806 Loading class java/util/concurrent/TimeoutException done
Event: 2.806 Loading class java/util/concurrent/CancellationException
Event: 2.806 Loading class java/util/concurrent/CancellationException done
Event: 2.820 Loading class java/lang/reflect/ParameterizedType
Event: 2.820 Loading class java/lang/reflect/ParameterizedType done
Event: 2.824 Loading class java/lang/reflect/WildcardType
Event: 2.824 Loading class java/lang/reflect/WildcardType done

Classes unloaded (0 events):
No events

Classes redefined (0 events):
No events

Internal exceptions (20 events):
Event: 0.780 Thread 0x0000024d384d5fa0 Exception <a 'java/lang/NoSuchMethodError'{0x000000009286c770}: 'void java.lang.invoke.DirectMethodHandle$Holder.invokeStatic(java.lang.Object, long, java.lang.Object)'> (0x000000009286c770) 
thrown [s\open\src\hotspot\share\interpreter\linkResolver.cpp, line 804]
Event: 0.782 Thread 0x0000024d384d5fa0 Exception <a 'java/lang/NoSuchMethodError'{0x000000009287b888}: 'java.lang.Object java.lang.invoke.DirectMethodHandle$Holder.newInvokeSpecial(java.lang.Object, long, java.lang.Object)'> (0x000000009287b888) 
thrown [s\open\src\hotspot\share\interpreter\linkResolver.cpp, line 804]
Event: 0.786 Thread 0x0000024d384d5fa0 Exception <a 'java/lang/NullPointerException'{0x000000009271a608}> (0x000000009271a608) 
thrown [s\open\src\hotspot\share\interpreter\linkResolver.cpp, line 1416]
Event: 0.786 Thread 0x0000024d384d5fa0 Exception <a 'java/lang/NullPointerException'{0x000000009271a8e8}> (0x000000009271a8e8) 
thrown [s\open\src\hotspot\share\interpreter\linkResolver.cpp, line 1416]
Event: 0.786 Thread 0x0000024d384d5fa0 Exception <a 'java/lang/NullPointerException'{0x000000009271abc8}> (0x000000009271abc8) 
thrown [s\open\src\hotspot\share\interpreter\linkResolver.cpp, line 1416]
Event: 0.788 Thread 0x0000024d384d5fa0 Exception <a 'java/lang/NullPointerException'{0x0000000092720540}> (0x0000000092720540) 
thrown [s\open\src\hotspot\share\interpreter\linkResolver.cpp, line 1416]
Event: 0.790 Thread 0x0000024d384d5fa0 Exception <a 'java/lang/NullPointerException'{0x0000000092732980}> (0x0000000092732980) 
thrown [s\open\src\hotspot\share\interpreter\linkResolver.cpp, line 1416]
Event: 0.790 Thread 0x0000024d384d5fa0 Exception <a 'java/lang/NullPointerException'{0x0000000092732c60}> (0x0000000092732c60) 
thrown [s\open\src\hotspot\share\interpreter\linkResolver.cpp, line 1416]
Event: 0.790 Thread 0x0000024d384d5fa0 Exception <a 'java/lang/NullPointerException'{0x0000000092732f40}> (0x0000000092732f40) 
thrown [s\open\src\hotspot\share\interpreter\linkResolver.cpp, line 1416]
Event: 0.790 Thread 0x0000024d384d5fa0 Exception <a 'java/lang/NullPointerException'{0x0000000092733220}> (0x0000000092733220) 
thrown [s\open\src\hotspot\share\interpreter\linkResolver.cpp, line 1416]
Event: 0.995 Thread 0x0000024d384d5fa0 Exception <a 'java/lang/NoSuchMethodError'{0x0000000092794d68}: 'void java.lang.invoke.DirectMethodHandle$Holder.invokeVirtual(java.lang.Object, java.lang.Object)'> (0x0000000092794d68) 
thrown [s\open\src\hotspot\share\interpreter\linkResolver.cpp, line 804]
Event: 1.002 Thread 0x0000024d384d5fa0 Exception <a 'java/lang/NoSuchMethodError'{0x00000000927b6b08}: 'void java.lang.invoke.DirectMethodHandle$Holder.invokeStatic(java.lang.Object, java.lang.Object)'> (0x00000000927b6b08) 
thrown [s\open\src\hotspot\share\interpreter\linkResolver.cpp, line 804]
Event: 1.003 Thread 0x0000024d384d5fa0 Exception <a 'java/lang/NoSuchMethodError'{0x00000000927be880}: 'void java.lang.invoke.DirectMethodHandle$Holder.invokeStaticInit(java.lang.Object, java.lang.Object)'> (0x00000000927be880) 
thrown [s\open\src\hotspot\share\interpreter\linkResolver.cpp, line 804]
Event: 1.143 Thread 0x0000024d384d5fa0 Exception <a 'java/lang/NoSuchMethodError'{0x0000000092617fe8}: 'void java.lang.invoke.DirectMethodHandle$Holder.invokeStatic(java.lang.Object, java.lang.Object, java.lang.Object)'> (0x0000000092617fe8) 
thrown [s\open\src\hotspot\share\interpreter\linkResolver.cpp, line 804]
Event: 1.232 Thread 0x0000024d384d5fa0 Exception <a 'java/lang/NoSuchMethodError'{0x00000000925d8250}: 'java.lang.Object java.lang.invoke.DirectMethodHandle$Holder.invokeSpecialIFC(java.lang.Object, java.lang.Object, java.lang.Object, java.lang.Object)'> (0x00000000925d8250) 
thrown [s\open\src\hotspot\share\interpreter\linkResolver.cpp, line 804]
Event: 1.774 Thread 0x0000024d384d5fa0 Exception <a 'java/lang/NoSuchMethodError'{0x0000000091f80708}: 'void java.lang.invoke.DirectMethodHandle$Holder.invokeSpecial(java.lang.Object, java.lang.Object, java.lang.Object)'> (0x0000000091f80708) 
thrown [s\open\src\hotspot\share\interpreter\linkResolver.cpp, line 804]
Event: 1.884 Thread 0x0000024d384d5fa0 Exception <a 'java/lang/NoSuchMethodError'{0x0000000091eb9b80}: 'java.lang.Object java.lang.invoke.DirectMethodHandle$Holder.invokeInterface(java.lang.Object, java.lang.Object)'> (0x0000000091eb9b80) 
thrown [s\open\src\hotspot\share\interpreter\linkResolver.cpp, line 804]
Event: 1.910 Thread 0x0000024d384d5fa0 Exception <a 'java/lang/NoSuchMethodError'{0x0000000091d74678}: 'int java.lang.invoke.DirectMethodHandle$Holder.invokeStatic(java.lang.Object, java.lang.Object, java.lang.Object, java.lang.Object)'> (0x0000000091d74678) 
thrown [s\open\src\hotspot\share\interpreter\linkResolver.cpp, line 804]
Event: 1.918 Thread 0x0000024d384d5fa0 Exception <a 'java/lang/NoSuchMethodError'{0x0000000091d9e4d0}: 'int java.lang.invoke.DirectMethodHandle$Holder.invokeSpecialIFC(java.lang.Object, java.lang.Object, java.lang.Object, java.lang.Object, java.lang.Object)'> (0x0000000091d9e4d0) 
thrown [s\open\src\hotspot\share\interpreter\linkResolver.cpp, line 804]
Event: 2.671 Thread 0x0000024d384d5fa0 Exception <a 'java/lang/NoSuchMethodError'{0x0000000091b971a0}: 'java.lang.Object java.lang.invoke.DirectMethodHandle$Holder.newInvokeSpecial(java.lang.Object, java.lang.Object, java.lang.Object, java.lang.Object, java.lang.Object)'> (0x0000000091b971a0) 
thrown [s\open\src\hotspot\share\interpreter\linkResolver.cpp, line 804]

VM Operations (6 events):
Event: 0.113 Executing non-safepoint VM operation: HandshakeAllThreads (Deoptimize)
Event: 0.113 Executing non-safepoint VM operation: HandshakeAllThreads (Deoptimize) done
Event: 0.607 Executing non-safepoint VM operation: HandshakeAllThreads (Deoptimize)
Event: 0.608 Executing non-safepoint VM operation: HandshakeAllThreads (Deoptimize) done
Event: 0.729 Executing non-safepoint VM operation: HandshakeAllThreads (Deoptimize)
Event: 0.729 Executing non-safepoint VM operation: HandshakeAllThreads (Deoptimize) done

Memory protections (0 events):
No events

Nmethod flushes (0 events):
No events

Events (15 events):
Event: 0.041 Thread 0x0000024d384d5fa0 Thread added: 0x0000024d384d5fa0
Event: 0.062 Thread 0x0000024d384d5fa0 Thread added: 0x0000024d98136fc0
Event: 0.063 Thread 0x0000024d384d5fa0 Thread added: 0x0000024d98138670
Event: 0.063 Thread 0x0000024d384d5fa0 Thread added: 0x0000024d9813c710
Event: 0.063 Thread 0x0000024d384d5fa0 Thread added: 0x0000024d9813d730
Event: 0.063 Thread 0x0000024d384d5fa0 Thread added: 0x0000024d9813f350
Event: 0.063 Thread 0x0000024d384d5fa0 Thread added: 0x0000024d98141a10
Event: 0.063 Thread 0x0000024d384d5fa0 Thread added: 0x0000024d9814eba0
Event: 0.064 Thread 0x0000024d384d5fa0 Thread added: 0x0000024d9815d9e0
Event: 0.084 Thread 0x0000024d384d5fa0 Thread added: 0x0000024d98280c00
Event: 0.087 Thread 0x0000024d384d5fa0 Thread added: 0x0000024d982ab9a0
Event: 0.669 Thread 0x0000024d384d5fa0 Thread added: 0x0000024d98c5b260
Event: 1.273 Thread 0x0000024d9814eba0 Thread added: 0x0000024d98db7bd0
Event: 1.276 Thread 0x0000024d98c5b260 Thread exited: 0x0000024d98c5b260
Event: 1.674 Thread 0x0000024d98db7bd0 Thread exited: 0x0000024d98db7bd0


Dynamic libraries:
0x00007ff7cfb70000 - 0x00007ff7cfb7e000 	C:\Users\lobin\.jdks\loom-ea-25-loom+1-11\bin\java.exe
0x00007ff9c7120000 - 0x00007ff9c7386000 	C:\WINDOWS\SYSTEM32\ntdll.dll
0x00007ff9c5e00000 - 0x00007ff9c5ec9000 	C:\WINDOWS\System32\KERNEL32.DLL
0x00007ff9c43b0000 - 0x00007ff9c47aa000 	C:\WINDOWS\System32\KERNELBASE.dll
0x00007ff9c4cb0000 - 0x00007ff9c4dfc000 	C:\WINDOWS\System32\ucrtbase.dll
0x00007ff96c940000 - 0x00007ff96c95b000 	C:\Users\lobin\.jdks\loom-ea-25-loom+1-11\bin\VCRUNTIME140.dll
0x00007ff9902e0000 - 0x00007ff9902f7000 	C:\Users\lobin\.jdks\loom-ea-25-loom+1-11\bin\jli.dll
0x00007ff9c4ec0000 - 0x00007ff9c5087000 	C:\WINDOWS\System32\USER32.dll
0x00007ff9b1d10000 - 0x00007ff9b1fa2000 	C:\WINDOWS\WinSxS\amd64_microsoft.windows.common-controls_6595b64144ccf1df_6.0.26100.8521_none_3e08b75ce33403b3\COMCTL32.dll
0x00007ff9c4870000 - 0x00007ff9c4897000 	C:\WINDOWS\System32\win32u.dll
0x00007ff9c5140000 - 0x00007ff9c51e9000 	C:\WINDOWS\System32\msvcrt.dll
0x00007ff9c50c0000 - 0x00007ff9c50eb000 	C:\WINDOWS\System32\GDI32.dll
0x00007ff9c4a20000 - 0x00007ff9c4b4b000 	C:\WINDOWS\System32\gdi32full.dll
0x00007ff9c4c00000 - 0x00007ff9c4ca3000 	C:\WINDOWS\System32\msvcp_win.dll
0x00007ff9c60f0000 - 0x00007ff9c6122000 	C:\WINDOWS\System32\IMM32.DLL
0x00007ff9b49b0000 - 0x00007ff9b49bc000 	C:\Users\lobin\.jdks\loom-ea-25-loom+1-11\bin\vcruntime140_1.dll
0x00007ff950ee0000 - 0x00007ff950f6e000 	C:\Users\lobin\.jdks\loom-ea-25-loom+1-11\bin\msvcp140.dll
0x00007ff9195a0000 - 0x00007ff91a343000 	C:\Users\lobin\.jdks\loom-ea-25-loom+1-11\bin\server\jvm.dll
0x00007ff9c5fd0000 - 0x00007ff9c6086000 	C:\WINDOWS\System32\ADVAPI32.dll
0x00007ff9c7020000 - 0x00007ff9c70ca000 	C:\WINDOWS\System32\sechost.dll
0x00007ff9c61f0000 - 0x00007ff9c6308000 	C:\WINDOWS\System32\RPCRT4.dll
0x00007ff9c6390000 - 0x00007ff9c6410000 	C:\WINDOWS\System32\WS2_32.dll
0x00007ff9bb180000 - 0x00007ff9bb1b6000 	C:\WINDOWS\SYSTEM32\WINMM.dll
0x00007ff9c4210000 - 0x00007ff9c426e000 	C:\WINDOWS\SYSTEM32\POWRPROF.dll
0x00007ff9b6ba0000 - 0x00007ff9b6bab000 	C:\WINDOWS\SYSTEM32\VERSION.dll
0x00007ff9c41f0000 - 0x00007ff9c4204000 	C:\WINDOWS\SYSTEM32\UMPDC.dll
0x00007ff9c3100000 - 0x00007ff9c311b000 	C:\WINDOWS\SYSTEM32\kernel.appcore.dll
0x00007ff9b1050000 - 0x00007ff9b105a000 	C:\Users\lobin\.jdks\loom-ea-25-loom+1-11\bin\jimage.dll
0x00007ff9b7cf0000 - 0x00007ff9b7f32000 	C:\WINDOWS\SYSTEM32\DBGHELP.DLL
0x00007ff9c6b20000 - 0x00007ff9c6ea3000 	C:\WINDOWS\System32\combase.dll
0x00007ff9c5cb0000 - 0x00007ff9c5d89000 	C:\WINDOWS\System32\OLEAUT32.dll
0x00007ff9afe90000 - 0x00007ff9afecb000 	C:\WINDOWS\SYSTEM32\dbgcore.DLL
0x00007ff9c4b50000 - 0x00007ff9c4bf8000 	C:\WINDOWS\System32\bcryptPrimitives.dll
0x00007ff96c6c0000 - 0x00007ff96c6de000 	C:\Users\lobin\.jdks\loom-ea-25-loom+1-11\bin\java.dll
0x00007ff9c51f0000 - 0x00007ff9c5388000 	C:\WINDOWS\System32\ole32.dll
0x00007ff9c5490000 - 0x00007ff9c5c14000 	C:\WINDOWS\System32\SHELL32.dll
0x00007ff9c1f30000 - 0x00007ff9c27b0000 	C:\WINDOWS\SYSTEM32\windows.storage.dll
0x00007ff9c5ed0000 - 0x00007ff9c5fc6000 	C:\WINDOWS\System32\SHCORE.dll
0x00007ff9c5d90000 - 0x00007ff9c5df7000 	C:\WINDOWS\System32\shlwapi.dll
0x00007ff9c42d0000 - 0x00007ff9c42f9000 	C:\WINDOWS\SYSTEM32\profapi.dll
0x00007ff928580000 - 0x00007ff928657000 	C:\Users\lobin\.jdks\loom-ea-25-loom+1-11\bin\jsvml.dll
0x00007ff9af680000 - 0x00007ff9af690000 	C:\Users\lobin\.jdks\loom-ea-25-loom+1-11\bin\net.dll
0x00007ff9c3650000 - 0x00007ff9c36bc000 	C:\WINDOWS\system32\mswsock.dll
0x00007ff96c6a0000 - 0x00007ff96c6b6000 	C:\Users\lobin\.jdks\loom-ea-25-loom+1-11\bin\nio.dll
0x00007ff96c680000 - 0x00007ff96c697000 	C:\Users\lobin\.jdks\loom-ea-25-loom+1-11\bin\zip.dll
0x00007ff9642b0000 - 0x00007ff9642d4000 	C:\Users\lobin\Downloads\apache-maven-3.9.16\lib\jansi-native\Windows\x86_64\jansi.dll
0x00007ff9ab550000 - 0x00007ff9ab560000 	C:\Users\lobin\.jdks\loom-ea-25-loom+1-11\bin\verify.dll

JVMTI agents: none

dbghelp: loaded successfully - version: 4.0.5 - missing functions: none
symbol engine: initialized successfully - sym options: 0x614 - pdb path: .;C:\Users\lobin\.jdks\loom-ea-25-loom+1-11\bin;C:\WINDOWS\SYSTEM32;C:\WINDOWS\WinSxS\amd64_microsoft.windows.common-controls_6595b64144ccf1df_6.0.26100.8521_none_3e08b75ce33403b3;C:\Users\lobin\.jdks\loom-ea-25-loom+1-11\bin\server;C:\Users\lobin\Downloads\apache-maven-3.9.16\lib\jansi-native\Windows\x86_64

VM Arguments:
jvm_args: --enable-native-access=ALL-UNNAMED -Dclassworlds.conf=C:\Users\lobin\Downloads\apache-maven-3.9.16\bin\m2.conf -Dmaven.home=C:\Users\lobin\Downloads\apache-maven-3.9.16 -Dlibrary.jansi.path=C:\Users\lobin\Downloads\apache-maven-3.9.16\lib\jansi-native -Dmaven.multiModuleProjectDirectory=C:\Users\lobin\Downloads\Clinica-medica-backend\clinica-medica-backend 
java_command: org.codehaus.plexus.classworlds.launcher.Launcher spring-boot:run
java_class_path (initial): C:\Users\lobin\Downloads\apache-maven-3.9.16\boot\plexus-classworlds-2.11.0.jar
Launcher Type: SUN_STANDARD

[Global flags]
     intx CICompilerCount                          = 4                                         {product} {ergonomic}
     uint ConcGCThreads                            = 2                                         {product} {ergonomic}
     uint G1ConcRefinementThreads                  = 8                                         {product} {ergonomic}
   size_t G1HeapRegionSize                         = 1048576                                   {product} {ergonomic}
   size_t InitialHeapSize                          = 123731968                                 {product} {ergonomic}
   size_t MarkStackSize                            = 4194304                                   {product} {ergonomic}
   size_t MarkStackSizeMax                         = 536870912                                 {product} {ergonomic}
   size_t MaxHeapSize                              = 1954545664                                {product} {ergonomic}
   size_t MaxNewSize                               = 1172307968                                {product} {ergonomic}
   size_t MinHeapDeltaBytes                        = 1048576                                   {product} {ergonomic}
   size_t MinHeapSize                              = 8388608                                   {product} {ergonomic}
    uintx NonNMethodCodeHeapSize                   = 5832704                                {pd product} {ergonomic}
    uintx NonProfiledCodeHeapSize                  = 122945536                              {pd product} {ergonomic}
    uintx ProfiledCodeHeapSize                     = 122880000                              {pd product} {ergonomic}
    uintx ReservedCodeCacheSize                    = 251658240                              {pd product} {ergonomic}
     bool SegmentedCodeCache                       = true                                      {product} {ergonomic}
   size_t SoftMaxHeapSize                          = 1954545664                             {manageable} {ergonomic}
     bool UseCompressedOops                        = true                           {product lp64_product} {ergonomic}
     bool UseG1GC                                  = true                                      {product} {ergonomic}
     bool UseLargePagesIndividualAllocation        = false                                  {pd product} {ergonomic}

Logging:
Log output configuration:
 #0: stdout all=warning uptime,level,tags foldmultilines=false
 #1: stderr all=off uptime,level,tags foldmultilines=false

Environment Variables:
JAVA_HOME=C:\Users\lobin\.jdks\loom-ea-25-loom+1-11
PATH=C:\Program Files (x86)\Common Files\Intel\Shared Libraries\redist\intel64\compiler;C:\WINDOWS\system32;C:\WINDOWS;C:\WINDOWS\System32\Wbem;C:\WINDOWS\System32\WindowsPowerShell\v1.0\;C:\WINDOWS\System32\OpenSSH\;C:\Program Files\Go\bin;C:\Users\lobin\AppData\Local\Muse Hub\lib;C:\Users\lobin\Downloads\ffmpeg-8.0.1-essentials_build\ffmpeg-8.0.1-essentials_build\bin;C:\Program Files\dotnet\;C:\Program Files\Git\cmd;C:\Users\lobin\.jdks\loom-ea-25-loom+1-11\bin;C:\Users\lobin\.jdks\loom-ea-25-loom+1-11\bin;C:\Program Files\Docker\Docker\resources\bin;C:\nvm4w;C:\nvm4w\nodejs;C:\Users\lobin\AppData\Local\Android\Sdk\platform-tools;C:\Users\lobin\Downloads\apache-maven-3.9.16\bin;C:\Users\lobin\AppData\Local\Programs\Python\Python310\Scripts\;C:\Users\lobin\AppData\Local\Programs\Python\Python310\;C:\Users\lobin\AppData\Local\Programs\Python\Python312\Scripts\;C:\Users\lobin\AppData\Local\Programs\Python\Python312\;C:\Users\lobin\AppData\Local\Programs\Python\Launcher\;C:\Program Files\MySQL\MySQL Shell 8.0\bin\;C:\WINDOWS\system32;C:\WINDOWS;C:\WINDOWS\System32\Wbem;C:\WINDOWS\System32\WindowsPowerShell\v1.0\;C:\WINDOWS\System32\OpenSSH\;C:\Program Files\Go\bin;C:\Users\lobin\AppData\Local\Microsoft\WindowsApps;C:\Users\lobin\go\bin;C:\Program Files\Git\cmd;C:\Tools\bin;C:\Users\lobin\AppData\Local\Python\bin;C:\Users\lobin\AppData\Local\Programs\Microsoft VS Code\bin;C:\Users\lobin\AppData\Local\Microsoft\WindowsApps;C:\Users\lobin\AppData\Local\Muse Hub\lib;C:\Program Files\JetBrains\IntelliJ IDEA 2026.\bin;C:\Program Files\JetBrains\IntelliJ IDEA Community Edition 2024.2.6\bin;;C:\Users\lobin\AppData\Roaming\npm;C:\Flutter\flutter\bin;C:\Users\lobin\AppData\Local\nvm;C:\nvm4w\nodejs
USERNAME=lobin
LANG=pt_BR.UTF-8
OS=Windows_NT
PROCESSOR_IDENTIFIER=AMD64 Family 23 Model 160 Stepping 0, AuthenticAMD
TMP=C:\Users\lobin\AppData\Local\Temp
TEMP=C:\Users\lobin\AppData\Local\Temp




Compilation memory statistics disabled.

Periodic native trim disabled

---------------  S Y S T E M  ---------------

OS:
 Windows 11 , 64 bit Build 26100 (10.0.26100.8521)
OS uptime: 0 days 2:51 hours
Hyper-V role detected

CPU: total 8 (initial active 8) (8 cores per cpu, 2 threads per core) family 23 model 160 stepping 0 microcode 0x8a00006, cx8, cmov, fxsr, ht, mmx, 3dnowpref, sse, sse2, sse3, ssse3, sse4a, sse4.1, sse4.2, popcnt, lzcnt, tsc, tscinvbit, avx, avx2, aes, clmul, bmi1, bmi2, adx, sha, fma, vzeroupper, clflush, clflushopt, hv, rdtscp, rdpid, f16c
Processor Information for the first 8 processors :
  Max Mhz: 2801, Current Mhz: 2801, Mhz Limit: 2801

Memory: 4k page, system-wide physical 7455M (1165M free)
TotalPageFile size 29983M (AvailPageFile size 18M)
current process WorkingSet (physical memory assigned to process): 80M, peak: 80M
current process commit charge ("private bytes"): 219M, peak: 221M

vm_info: OpenJDK 64-Bit Server VM (25-loom+1-11) for windows-amd64 JRE (25-loom+1-11), built on 2025-03-10T11:22:36Z with MS VC++ 17.6 (VS2022)

END.
