#
# There is insufficient memory for the Java Runtime Environment to continue.
# Native memory allocation (malloc) failed to allocate 7160216 bytes. Error detail: Chunk::new
# Possible reasons:
#   The system is out of physical RAM or swap space
#   This process is running with CompressedOops enabled, and the Java Heap may be blocking the growth of the native heap
# Possible solutions:
#   Reduce memory load on the system
#   Increase physical memory or swap space
#   Check if swap backing store is full
#   Decrease Java heap size (-Xmx/-Xms)
#   Decrease number of Java threads
#   Decrease Java thread stack sizes (-Xss)
#   Set larger code cache with -XX:ReservedCodeCacheSize=
#   JVM is running with Unscaled Compressed Oops mode in which the Java heap is
#     placed in the first 4GB address space. The Java Heap base address is the
#     maximum limit for the native heap growth. Please use -XX:HeapBaseMinAddress
#     to set the Java Heap base and to place the Java Heap above 4GB virtual address.
# This output file may be truncated or incomplete.
#
#  Out of Memory Error (arena.cpp:168), pid=24124, tid=11128
#
# JRE version: OpenJDK Runtime Environment (25.0+1) (build 25-loom+1-11)
# Java VM: OpenJDK 64-Bit Server VM (25-loom+1-11, mixed mode, sharing, tiered, compressed oops, compressed class ptrs, g1 gc, windows-amd64)
# No core dump will be written. Minidumps are not enabled by default on client versions of Windows
#

---------------  S U M M A R Y ------------

Command Line: --enable-native-access=ALL-UNNAMED -Dclassworlds.conf=C:\Users\lobin\Downloads\apache-maven-3.9.16\bin\m2.conf -Dmaven.home=C:\Users\lobin\Downloads\apache-maven-3.9.16 -Dlibrary.jansi.path=C:\Users\lobin\Downloads\apache-maven-3.9.16\lib\jansi-native -Dmaven.multiModuleProjectDirectory=C:\Users\lobin\Downloads\Clinica-medica-backend\clinica-medica-backend org.codehaus.plexus.classworlds.launcher.Launcher clean compile

Host: AMD Ryzen 5 7520U with Radeon Graphics         , 8 cores, 7G,  Windows 11 , 64 bit Build 26100 (10.0.26100.8521)
Time: Tue Jun 30 18:38:44 2026 Hora Padrão de Buenos Aires elapsed time: 22.718818 seconds (0d 0h 0m 22s)

---------------  T H R E A D  ---------------

Current thread (0x00000138da39c3b0):  JavaThread "C2 CompilerThread2" daemon [_thread_in_native, id=11128, stack(0x0000000bfdc00000,0x0000000bfdd00000) (1024K)]


Current CompileTask:
C2:22718 11110       4       com.sun.tools.javac.jvm.PoolWriter$WriteablePoolHelper::writeConstant (843 bytes)

Stack: [0x0000000bfdc00000,0x0000000bfdd00000]
Native frames: (J=compiled Java code, j=interpreted, Vv=VM code, C=native code)
V  [jvm.dll+0x738859]  (no source info available)
V  [jvm.dll+0x7075ad]  (no source info available)
V  [jvm.dll+0x8e0493]  (no source info available)
V  [jvm.dll+0x8e29b1]  (no source info available)
V  [jvm.dll+0x8e30b3]  (no source info available)
V  [jvm.dll+0x2b0736]  (no source info available)
V  [jvm.dll+0xd34b8]  (no source info available)
V  [jvm.dll+0xd37d1]  (no source info available)
V  [jvm.dll+0x15a4c3]  (no source info available)
V  [jvm.dll+0x358fd2]  (no source info available)
V  [jvm.dll+0x73e08f]  (no source info available)
V  [jvm.dll+0x275a0b]  (no source info available)
V  [jvm.dll+0x274a8f]  (no source info available)
V  [jvm.dll+0x1efc90]  (no source info available)
V  [jvm.dll+0x28427b]  (no source info available)
V  [jvm.dll+0x2824fa]  (no source info available)
V  [jvm.dll+0x4332e6]  (no source info available)
V  [jvm.dll+0x88747b]  (no source info available)
V  [jvm.dll+0x736f35]  (no source info available)
C  [ucrtbase.dll+0x2cd30]  (no source info available)
C  [KERNEL32.DLL+0x2e957]  (no source info available)
C  [ntdll.dll+0x87c1c]  (no source info available)

Lock stack of current Java thread (top to bottom):


---------------  P R O C E S S  ---------------

Threads class SMR info:
_java_thread_list=0x00000139213b8b20, length=14, elements={
0x00000138bda2f630, 0x00000138da3692b0, 0x00000138da369c90, 0x00000138da36da80,
0x00000138da36eb90, 0x00000138da36ffa0, 0x00000138da371610, 0x00000138da394d70,
0x00000138da39bc20, 0x00000138da4e50c0, 0x00000138da4e8850, 0x0000013920f55b30,
0x00000138da39da60, 0x00000138da39c3b0
}

Java Threads: ( => current thread )
  0x00000138bda2f630 JavaThread "main"                              [_thread_in_Java, id=13336, stack(0x0000000bfc000000,0x0000000bfc100000) (1024K)]
  0x00000138da3692b0 JavaThread "Reference Handler"          daemon [_thread_blocked, id=6512, stack(0x0000000bfc800000,0x0000000bfc900000) (1024K)]
  0x00000138da369c90 JavaThread "Finalizer"                  daemon [_thread_blocked, id=28108, stack(0x0000000bfc900000,0x0000000bfca00000) (1024K)]
  0x00000138da36da80 JavaThread "Signal Dispatcher"          daemon [_thread_blocked, id=1904, stack(0x0000000bfca00000,0x0000000bfcb00000) (1024K)]
  0x00000138da36eb90 JavaThread "Attach Listener"            daemon [_thread_blocked, id=30476, stack(0x0000000bfcb00000,0x0000000bfcc00000) (1024K)]
  0x00000138da36ffa0 JavaThread "Service Thread"             daemon [_thread_blocked, id=4456, stack(0x0000000bfcc00000,0x0000000bfcd00000) (1024K)]
  0x00000138da371610 JavaThread "Monitor Deflation Thread"   daemon [_thread_blocked, id=13268, stack(0x0000000bfcd00000,0x0000000bfce00000) (1024K)]
  0x00000138da394d70 JavaThread "C2 CompilerThread0"         daemon [_thread_in_native, id=23324, stack(0x0000000bfce00000,0x0000000bfcf00000) (1024K)]
  0x00000138da39bc20 JavaThread "C1 CompilerThread0"         daemon [_thread_in_native, id=3972, stack(0x0000000bfcf00000,0x0000000bfd000000) (1024K)]
  0x00000138da4e50c0 JavaThread "Notification Thread"        daemon [_thread_blocked, id=24244, stack(0x0000000bfd000000,0x0000000bfd100000) (1024K)]
  0x00000138da4e8850 JavaThread "Common-Cleaner"             daemon [_thread_blocked, id=2600, stack(0x0000000bfd100000,0x0000000bfd200000) (1024K)]
  0x0000013920f55b30 JavaThread "Thread-1"                   daemon [_thread_blocked, id=19992, stack(0x0000000bfd300000,0x0000000bfd400000) (1024K)]
  0x00000138da39da60 JavaThread "C2 CompilerThread1"         daemon [_thread_in_native, id=15516, stack(0x0000000bfd200000,0x0000000bfd300000) (1024K)]
=>0x00000138da39c3b0 JavaThread "C2 CompilerThread2"         daemon [_thread_in_native, id=11128, stack(0x0000000bfdc00000,0x0000000bfdd00000) (1024K)]
Total: 14

Other Threads:
  0x00000138da358d10 VMThread "VM Thread"                           [id=9064, stack(0x0000000bfc700000,0x0000000bfc800000) (1024K)]
  0x00000138da34cd20 WatcherThread "VM Periodic Task Thread"        [id=28248, stack(0x0000000bfc600000,0x0000000bfc700000) (1024K)]
  0x00000138bda81cd0 WorkerThread "GC Thread#0"                     [id=28084, stack(0x0000000bfc100000,0x0000000bfc200000) (1024K)]
  0x0000013920d04340 WorkerThread "GC Thread#1"                     [id=23772, stack(0x0000000bfd400000,0x0000000bfd500000) (1024K)]
  0x0000013920eb7a50 WorkerThread "GC Thread#2"                     [id=12304, stack(0x0000000bfd500000,0x0000000bfd600000) (1024K)]
  0x00000139209680c0 WorkerThread "GC Thread#3"                     [id=24452, stack(0x0000000bfd600000,0x0000000bfd700000) (1024K)]
  0x0000013920968470 WorkerThread "GC Thread#4"                     [id=30348, stack(0x0000000bfd700000,0x0000000bfd800000) (1024K)]
  0x0000013920d79ac0 WorkerThread "GC Thread#5"                     [id=5580, stack(0x0000000bfd900000,0x0000000bfda00000) (1024K)]
  0x0000013920d7a220 WorkerThread "GC Thread#6"                     [id=29688, stack(0x0000000bfda00000,0x0000000bfdb00000) (1024K)]
  0x0000013920d7ad30 WorkerThread "GC Thread#7"                     [id=4800, stack(0x0000000bfdb00000,0x0000000bfdc00000) (1024K)]
  0x00000138bda96270 ConcurrentGCThread "G1 Main Marker"            [id=29076, stack(0x0000000bfc200000,0x0000000bfc300000) (1024K)]
  0x00000138bda99890 WorkerThread "G1 Conc#0"                       [id=12316, stack(0x0000000bfc300000,0x0000000bfc400000) (1024K)]
  0x0000013921173340 WorkerThread "G1 Conc#1"                       [id=1512, stack(0x0000000bfd800000,0x0000000bfd900000) (1024K)]
  0x00000138bdadba20 ConcurrentGCThread "G1 Refine#0"               [id=5256, stack(0x0000000bfc400000,0x0000000bfc500000) (1024K)]
  0x00000138bdadbfb0 ConcurrentGCThread "G1 Service"                [id=18756, stack(0x0000000bfc500000,0x0000000bfc600000) (1024K)]
Total: 15

Threads with active compile tasks:
C2 CompilerThread0  22797 11214   !   4       com.sun.tools.javac.comp.Resolve::selectBest (552 bytes)
C1 CompilerThread0  22797 11268       3       com.sun.tools.javac.comp.Check::checkOverrideClashes (386 bytes)
C2 CompilerThread1  22797 11091       4       com.sun.tools.javac.comp.Resolve::findMethod (549 bytes)
C2 CompilerThread2  22797 11110       4       com.sun.tools.javac.jvm.PoolWriter$WriteablePoolHelper::writeConstant (843 bytes)
Total: 4

VM state: not at safepoint (normal execution)

VM Mutex/Monitor currently owned by a thread: None

Heap address: 0x000000008b800000, size: 1864 MB, Compressed Oops mode: 32-bit

CDS archive(s) mapped at: [0x00000138db000000-0x00000138dbd50000-0x00000138dbd50000), size 13959168, SharedBaseAddress: 0x00000138db000000, ArchiveRelocationMode: 1.
Compressed class space mapped at: 0x00000138dc000000-0x000001391c000000, reserved size: 1073741824
UseCompressedClassPointers 1, UseCompactObjectHeaders 0
Narrow klass pointer bits 32, Max shift 3
Narrow klass base: 0x00000138db000000, Narrow klass shift: 0
Encoding Range: [0x00000138db000000 - 0x00000139db000000), (4294967296 bytes)
Klass Range:    [0x00000138db000000 - 0x000001391c000000), (1090519040 bytes)
Klass ID Range:  [8 - 1090519033) (1090519025)

GC Precious Log:
 CardTable entry size: 512
 Card Set container configuration: InlinePtr #cards 5 size 8 Array Of Cards #cards 10 size 36 Howl #buckets 4 coarsen threshold 1843 Howl Bitmap #cards 512 size 80 coarsen threshold 460 Card regions per heap region 1 cards per card region 2048
 CPUs: 8 total, 8 available
 Memory: 7455M
 Large Page Support: Disabled
 NUMA Support: Disabled
 Compressed Oops: Enabled (32-bit)
 Heap Region Size: 1M
 Heap Min Capacity: 8M
 Heap Initial Capacity: 118M
 Heap Max Capacity: 1864M
 Pre-touch: Disabled
 Parallel Workers: 8
 Concurrent Workers: 2
 Concurrent Refinement Workers: 8
 Periodic GC: Disabled

Heap:
 garbage-first heap   total reserved 1908736K, committed 182272K, used 131709K [0x000000008b800000, 0x0000000100000000)
  region size 1024K, 67 young (68608K), 5 survivors (5120K)
 Metaspace       used 33393K, committed 34048K, reserved 1114112K
  class space    used 3165K, committed 3456K, reserved 1048576K

Heap Regions: E=young(eden), S=young(survivor), O=old, HS=humongous(starts), HC=humongous(continues), CS=collection set, F=free, TAMS=top-at-mark-start, PB=parsable bottom
|   0|0x000000008b800000, 0x000000008b900000, 0x000000008b900000|100%| O|  |TAMS 0x000000008b800000| PB 0x000000008b800000| Untracked |  0
|   1|0x000000008b900000, 0x000000008ba00000, 0x000000008ba00000|100%| O|  |TAMS 0x000000008b900000| PB 0x000000008b900000| Untracked |  0
|   2|0x000000008ba00000, 0x000000008bb00000, 0x000000008bb00000|100%| O|  |TAMS 0x000000008ba00000| PB 0x000000008ba00000| Untracked |  0
|   3|0x000000008bb00000, 0x000000008bc00000, 0x000000008bc00000|100%| O|  |TAMS 0x000000008bb00000| PB 0x000000008bb00000| Untracked |  0
|   4|0x000000008bc00000, 0x000000008bd00000, 0x000000008bd00000|100%| O|  |TAMS 0x000000008bc00000| PB 0x000000008bc00000| Untracked |  0
|   5|0x000000008bd00000, 0x000000008be00000, 0x000000008be00000|100%| O|  |TAMS 0x000000008bd00000| PB 0x000000008bd00000| Untracked |  0
|   6|0x000000008be00000, 0x000000008bf00000, 0x000000008bf00000|100%| O|  |TAMS 0x000000008be00000| PB 0x000000008be00000| Untracked |  0
|   7|0x000000008bf00000, 0x000000008c000000, 0x000000008c000000|100%| O|  |TAMS 0x000000008bf00000| PB 0x000000008bf00000| Untracked |  0
|   8|0x000000008c000000, 0x000000008c100000, 0x000000008c100000|100%| O|  |TAMS 0x000000008c000000| PB 0x000000008c000000| Untracked |  0
|   9|0x000000008c100000, 0x000000008c200000, 0x000000008c200000|100%| O|  |TAMS 0x000000008c100000| PB 0x000000008c100000| Untracked |  0
|  10|0x000000008c200000, 0x000000008c300000, 0x000000008c300000|100%| O|  |TAMS 0x000000008c200000| PB 0x000000008c200000| Untracked |  0
|  11|0x000000008c300000, 0x000000008c400000, 0x000000008c400000|100%| O|  |TAMS 0x000000008c300000| PB 0x000000008c300000| Untracked |  0
|  12|0x000000008c400000, 0x000000008c500000, 0x000000008c500000|100%| O|  |TAMS 0x000000008c400000| PB 0x000000008c400000| Untracked |  0
|  13|0x000000008c500000, 0x000000008c600000, 0x000000008c600000|100%| O|  |TAMS 0x000000008c500000| PB 0x000000008c500000| Untracked |  0
|  14|0x000000008c600000, 0x000000008c700000, 0x000000008c700000|100%|HS|  |TAMS 0x000000008c600000| PB 0x000000008c600000| Complete |  0
|  15|0x000000008c700000, 0x000000008c800000, 0x000000008c800000|100%| O|  |TAMS 0x000000008c700000| PB 0x000000008c700000| Untracked |  0
|  16|0x000000008c800000, 0x000000008c900000, 0x000000008c900000|100%| O|  |TAMS 0x000000008c800000| PB 0x000000008c800000| Untracked |  0
|  17|0x000000008c900000, 0x000000008ca00000, 0x000000008ca00000|100%|HS|  |TAMS 0x000000008c900000| PB 0x000000008c900000| Complete |  0
|  18|0x000000008ca00000, 0x000000008cb00000, 0x000000008cb00000|100%|HC|  |TAMS 0x000000008ca00000| PB 0x000000008ca00000| Complete |  0
|  19|0x000000008cb00000, 0x000000008cc00000, 0x000000008cc00000|100%| O|  |TAMS 0x000000008cb00000| PB 0x000000008cb00000| Untracked |  0
|  20|0x000000008cc00000, 0x000000008cd00000, 0x000000008cd00000|100%| O|  |TAMS 0x000000008cc00000| PB 0x000000008cc00000| Untracked |  0
|  21|0x000000008cd00000, 0x000000008ce00000, 0x000000008ce00000|100%| O|  |TAMS 0x000000008cd00000| PB 0x000000008cd00000| Untracked |  0
|  22|0x000000008ce00000, 0x000000008cf00000, 0x000000008cf00000|100%| O|  |TAMS 0x000000008ce00000| PB 0x000000008ce00000| Untracked |  0
|  23|0x000000008cf00000, 0x000000008d000000, 0x000000008d000000|100%| O|  |TAMS 0x000000008cf00000| PB 0x000000008cf00000| Untracked |  0
|  24|0x000000008d000000, 0x000000008d100000, 0x000000008d100000|100%| O|  |TAMS 0x000000008d000000| PB 0x000000008d000000| Untracked |  0
|  25|0x000000008d100000, 0x000000008d200000, 0x000000008d200000|100%| O|  |TAMS 0x000000008d100000| PB 0x000000008d100000| Untracked |  0
|  26|0x000000008d200000, 0x000000008d300000, 0x000000008d300000|100%| O|  |TAMS 0x000000008d200000| PB 0x000000008d200000| Untracked |  0
|  27|0x000000008d300000, 0x000000008d400000, 0x000000008d400000|100%| O|  |TAMS 0x000000008d300000| PB 0x000000008d300000| Untracked |  0
|  28|0x000000008d400000, 0x000000008d500000, 0x000000008d500000|100%| O|  |TAMS 0x000000008d400000| PB 0x000000008d400000| Untracked |  0
|  29|0x000000008d500000, 0x000000008d600000, 0x000000008d600000|100%| O|  |TAMS 0x000000008d500000| PB 0x000000008d500000| Untracked |  0
|  30|0x000000008d600000, 0x000000008d700000, 0x000000008d700000|100%| O|  |TAMS 0x000000008d600000| PB 0x000000008d600000| Untracked |  0
|  31|0x000000008d700000, 0x000000008d800000, 0x000000008d800000|100%| O|  |TAMS 0x000000008d700000| PB 0x000000008d700000| Untracked |  0
|  32|0x000000008d800000, 0x000000008d900000, 0x000000008d900000|100%| O|  |TAMS 0x000000008d800000| PB 0x000000008d800000| Untracked |  0
|  33|0x000000008d900000, 0x000000008da00000, 0x000000008da00000|100%| O|  |TAMS 0x000000008d900000| PB 0x000000008d900000| Untracked |  0
|  34|0x000000008da00000, 0x000000008db00000, 0x000000008db00000|100%| O|  |TAMS 0x000000008da00000| PB 0x000000008da00000| Untracked |  0
|  35|0x000000008db00000, 0x000000008dc00000, 0x000000008dc00000|100%| O|  |TAMS 0x000000008db00000| PB 0x000000008db00000| Untracked |  0
|  36|0x000000008dc00000, 0x000000008dd00000, 0x000000008dd00000|100%| O|  |TAMS 0x000000008dc00000| PB 0x000000008dc00000| Untracked |  0
|  37|0x000000008dd00000, 0x000000008de00000, 0x000000008de00000|100%| O|  |TAMS 0x000000008dd00000| PB 0x000000008dd00000| Untracked |  0
|  38|0x000000008de00000, 0x000000008df00000, 0x000000008df00000|100%| O|  |TAMS 0x000000008de00000| PB 0x000000008de00000| Untracked |  0
|  39|0x000000008df00000, 0x000000008e000000, 0x000000008e000000|100%| O|  |TAMS 0x000000008df00000| PB 0x000000008df00000| Untracked |  0
|  40|0x000000008e000000, 0x000000008e100000, 0x000000008e100000|100%| O|  |TAMS 0x000000008e000000| PB 0x000000008e000000| Untracked |  0
|  41|0x000000008e100000, 0x000000008e200000, 0x000000008e200000|100%| O|  |TAMS 0x000000008e100000| PB 0x000000008e100000| Untracked |  0
|  42|0x000000008e200000, 0x000000008e300000, 0x000000008e300000|100%| O|  |TAMS 0x000000008e200000| PB 0x000000008e200000| Untracked |  0
|  43|0x000000008e300000, 0x000000008e400000, 0x000000008e400000|100%| O|  |TAMS 0x000000008e300000| PB 0x000000008e300000| Untracked |  0
|  44|0x000000008e400000, 0x000000008e500000, 0x000000008e500000|100%| O|  |TAMS 0x000000008e400000| PB 0x000000008e400000| Untracked |  0
|  45|0x000000008e500000, 0x000000008e600000, 0x000000008e600000|100%| O|  |TAMS 0x000000008e500000| PB 0x000000008e500000| Untracked |  0
|  46|0x000000008e600000, 0x000000008e700000, 0x000000008e700000|100%| O|  |TAMS 0x000000008e600000| PB 0x000000008e600000| Untracked |  0
|  47|0x000000008e700000, 0x000000008e800000, 0x000000008e800000|100%| O|  |TAMS 0x000000008e700000| PB 0x000000008e700000| Untracked |  0
|  48|0x000000008e800000, 0x000000008e900000, 0x000000008e900000|100%| O|  |TAMS 0x000000008e800000| PB 0x000000008e800000| Untracked |  0
|  49|0x000000008e900000, 0x000000008ea00000, 0x000000008ea00000|100%| O|  |TAMS 0x000000008e900000| PB 0x000000008e900000| Untracked |  0
|  50|0x000000008ea00000, 0x000000008eb00000, 0x000000008eb00000|100%| O|  |TAMS 0x000000008ea00000| PB 0x000000008ea00000| Untracked |  0
|  51|0x000000008eb00000, 0x000000008ec00000, 0x000000008ec00000|100%| O|  |TAMS 0x000000008eb00000| PB 0x000000008eb00000| Untracked |  0
|  52|0x000000008ec00000, 0x000000008ed00000, 0x000000008ed00000|100%| O|  |TAMS 0x000000008ec00000| PB 0x000000008ec00000| Untracked |  0
|  53|0x000000008ed00000, 0x000000008ee00000, 0x000000008ee00000|100%| O|  |TAMS 0x000000008ed00000| PB 0x000000008ed00000| Untracked |  0
|  54|0x000000008ee00000, 0x000000008ee9f468, 0x000000008ef00000| 62%| O|  |TAMS 0x000000008ee00000| PB 0x000000008ee00000| Untracked |  0
|  55|0x000000008ef00000, 0x000000008ef00000, 0x000000008f000000|  0%| F|  |TAMS 0x000000008ef00000| PB 0x000000008ef00000| Untracked |  0
|  56|0x000000008f000000, 0x000000008f000000, 0x000000008f100000|  0%| F|  |TAMS 0x000000008f000000| PB 0x000000008f000000| Untracked |  0
|  57|0x000000008f100000, 0x000000008f100000, 0x000000008f200000|  0%| F|  |TAMS 0x000000008f100000| PB 0x000000008f100000| Untracked |  0
|  58|0x000000008f200000, 0x000000008f200000, 0x000000008f300000|  0%| F|  |TAMS 0x000000008f200000| PB 0x000000008f200000| Untracked |  0
|  59|0x000000008f300000, 0x000000008f300000, 0x000000008f400000|  0%| F|  |TAMS 0x000000008f300000| PB 0x000000008f300000| Untracked |  0
|  60|0x000000008f400000, 0x000000008f400000, 0x000000008f500000|  0%| F|  |TAMS 0x000000008f400000| PB 0x000000008f400000| Untracked |  0
|  61|0x000000008f500000, 0x000000008f500000, 0x000000008f600000|  0%| F|  |TAMS 0x000000008f500000| PB 0x000000008f500000| Untracked |  0
|  62|0x000000008f600000, 0x000000008f600000, 0x000000008f700000|  0%| F|  |TAMS 0x000000008f600000| PB 0x000000008f600000| Untracked |  0
|  63|0x000000008f700000, 0x000000008f700000, 0x000000008f800000|  0%| F|  |TAMS 0x000000008f700000| PB 0x000000008f700000| Untracked |  0
|  64|0x000000008f800000, 0x000000008f800000, 0x000000008f900000|  0%| F|  |TAMS 0x000000008f800000| PB 0x000000008f800000| Untracked |  0
|  65|0x000000008f900000, 0x000000008fa00000, 0x000000008fa00000|100%| S|CS|TAMS 0x000000008f900000| PB 0x000000008f900000| Complete |  0
|  66|0x000000008fa00000, 0x000000008fa00000, 0x000000008fb00000|  0%| F|  |TAMS 0x000000008fa00000| PB 0x000000008fa00000| Untracked |  0
|  67|0x000000008fb00000, 0x000000008fb00000, 0x000000008fc00000|  0%| F|  |TAMS 0x000000008fb00000| PB 0x000000008fb00000| Untracked |  0
|  68|0x000000008fc00000, 0x000000008fc00000, 0x000000008fd00000|  0%| F|  |TAMS 0x000000008fc00000| PB 0x000000008fc00000| Untracked |  0
|  69|0x000000008fd00000, 0x000000008fd00000, 0x000000008fe00000|  0%| F|  |TAMS 0x000000008fd00000| PB 0x000000008fd00000| Untracked |  0
|  70|0x000000008fe00000, 0x000000008ff00000, 0x000000008ff00000|100%| S|CS|TAMS 0x000000008fe00000| PB 0x000000008fe00000| Complete |  0
|  71|0x000000008ff00000, 0x0000000090000000, 0x0000000090000000|100%| S|CS|TAMS 0x000000008ff00000| PB 0x000000008ff00000| Complete |  0
|  72|0x0000000090000000, 0x0000000090000000, 0x0000000090100000|  0%| F|  |TAMS 0x0000000090000000| PB 0x0000000090000000| Untracked |  0
|  73|0x0000000090100000, 0x0000000090200000, 0x0000000090200000|100%| S|CS|TAMS 0x0000000090100000| PB 0x0000000090100000| Complete |  0
|  74|0x0000000090200000, 0x0000000090300000, 0x0000000090300000|100%| S|CS|TAMS 0x0000000090200000| PB 0x0000000090200000| Complete |  0
|  75|0x0000000090300000, 0x0000000090300000, 0x0000000090400000|  0%| F|  |TAMS 0x0000000090300000| PB 0x0000000090300000| Untracked |  0
|  76|0x0000000090400000, 0x0000000090400000, 0x0000000090500000|  0%| F|  |TAMS 0x0000000090400000| PB 0x0000000090400000| Untracked |  0
|  77|0x0000000090500000, 0x0000000090500000, 0x0000000090600000|  0%| F|  |TAMS 0x0000000090500000| PB 0x0000000090500000| Untracked |  0
|  78|0x0000000090600000, 0x0000000090600000, 0x0000000090700000|  0%| F|  |TAMS 0x0000000090600000| PB 0x0000000090600000| Untracked |  0
|  79|0x0000000090700000, 0x0000000090700000, 0x0000000090800000|  0%| F|  |TAMS 0x0000000090700000| PB 0x0000000090700000| Untracked |  0
|  80|0x0000000090800000, 0x0000000090800000, 0x0000000090900000|  0%| F|  |TAMS 0x0000000090800000| PB 0x0000000090800000| Untracked |  0
|  81|0x0000000090900000, 0x0000000090900000, 0x0000000090a00000|  0%| F|  |TAMS 0x0000000090900000| PB 0x0000000090900000| Untracked |  0
|  82|0x0000000090a00000, 0x0000000090a00000, 0x0000000090b00000|  0%| F|  |TAMS 0x0000000090a00000| PB 0x0000000090a00000| Untracked |  0
|  83|0x0000000090b00000, 0x0000000090b00000, 0x0000000090c00000|  0%| F|  |TAMS 0x0000000090b00000| PB 0x0000000090b00000| Untracked |  0
|  84|0x0000000090c00000, 0x0000000090c00000, 0x0000000090d00000|  0%| F|  |TAMS 0x0000000090c00000| PB 0x0000000090c00000| Untracked |  0
|  85|0x0000000090d00000, 0x0000000090d00000, 0x0000000090e00000|  0%| F|  |TAMS 0x0000000090d00000| PB 0x0000000090d00000| Untracked |  0
|  86|0x0000000090e00000, 0x0000000090e00000, 0x0000000090f00000|  0%| F|  |TAMS 0x0000000090e00000| PB 0x0000000090e00000| Untracked |  0
|  87|0x0000000090f00000, 0x0000000090f00000, 0x0000000091000000|  0%| F|  |TAMS 0x0000000090f00000| PB 0x0000000090f00000| Untracked |  0
|  88|0x0000000091000000, 0x0000000091000000, 0x0000000091100000|  0%| F|  |TAMS 0x0000000091000000| PB 0x0000000091000000| Untracked |  0
|  89|0x0000000091100000, 0x0000000091100000, 0x0000000091200000|  0%| F|  |TAMS 0x0000000091100000| PB 0x0000000091100000| Untracked |  0
|  90|0x0000000091200000, 0x0000000091200000, 0x0000000091300000|  0%| F|  |TAMS 0x0000000091200000| PB 0x0000000091200000| Untracked |  0
|  91|0x0000000091300000, 0x0000000091300000, 0x0000000091400000|  0%| F|  |TAMS 0x0000000091300000| PB 0x0000000091300000| Untracked |  0
|  92|0x0000000091400000, 0x0000000091400000, 0x0000000091500000|  0%| F|  |TAMS 0x0000000091400000| PB 0x0000000091400000| Untracked |  0
|  93|0x0000000091500000, 0x0000000091500000, 0x0000000091600000|  0%| F|  |TAMS 0x0000000091500000| PB 0x0000000091500000| Untracked |  0
|  94|0x0000000091600000, 0x0000000091600000, 0x0000000091700000|  0%| F|  |TAMS 0x0000000091600000| PB 0x0000000091600000| Untracked |  0
|  95|0x0000000091700000, 0x0000000091700000, 0x0000000091800000|  0%| F|  |TAMS 0x0000000091700000| PB 0x0000000091700000| Untracked |  0
|  96|0x0000000091800000, 0x0000000091800000, 0x0000000091900000|  0%| F|  |TAMS 0x0000000091800000| PB 0x0000000091800000| Untracked |  0
|  97|0x0000000091900000, 0x0000000091900000, 0x0000000091a00000|  0%| F|  |TAMS 0x0000000091900000| PB 0x0000000091900000| Untracked |  0
|  98|0x0000000091a00000, 0x0000000091a00000, 0x0000000091b00000|  0%| F|  |TAMS 0x0000000091a00000| PB 0x0000000091a00000| Untracked |  0
|  99|0x0000000091b00000, 0x0000000091b00000, 0x0000000091c00000|  0%| F|  |TAMS 0x0000000091b00000| PB 0x0000000091b00000| Untracked |  0
| 100|0x0000000091c00000, 0x0000000091c00000, 0x0000000091d00000|  0%| F|  |TAMS 0x0000000091c00000| PB 0x0000000091c00000| Untracked |  0
| 101|0x0000000091d00000, 0x0000000091d00000, 0x0000000091e00000|  0%| F|  |TAMS 0x0000000091d00000| PB 0x0000000091d00000| Untracked |  0
| 102|0x0000000091e00000, 0x0000000091e00000, 0x0000000091f00000|  0%| F|  |TAMS 0x0000000091e00000| PB 0x0000000091e00000| Untracked |  0
| 103|0x0000000091f00000, 0x0000000091f00000, 0x0000000092000000|  0%| F|  |TAMS 0x0000000091f00000| PB 0x0000000091f00000| Untracked |  0
| 104|0x0000000092000000, 0x0000000092000000, 0x0000000092100000|  0%| F|  |TAMS 0x0000000092000000| PB 0x0000000092000000| Untracked |  0
| 105|0x0000000092100000, 0x0000000092100000, 0x0000000092200000|  0%| F|  |TAMS 0x0000000092100000| PB 0x0000000092100000| Untracked |  0
| 106|0x0000000092200000, 0x0000000092200000, 0x0000000092300000|  0%| F|  |TAMS 0x0000000092200000| PB 0x0000000092200000| Untracked |  0
| 107|0x0000000092300000, 0x0000000092300000, 0x0000000092400000|  0%| F|  |TAMS 0x0000000092300000| PB 0x0000000092300000| Untracked |  0
| 108|0x0000000092400000, 0x0000000092500000, 0x0000000092500000|100%| E|  |TAMS 0x0000000092400000| PB 0x0000000092400000| Complete |  0
| 109|0x0000000092500000, 0x0000000092600000, 0x0000000092600000|100%| E|CS|TAMS 0x0000000092500000| PB 0x0000000092500000| Complete |  0
| 110|0x0000000092600000, 0x0000000092700000, 0x0000000092700000|100%| E|CS|TAMS 0x0000000092600000| PB 0x0000000092600000| Complete |  0
| 111|0x0000000092700000, 0x0000000092800000, 0x0000000092800000|100%| E|CS|TAMS 0x0000000092700000| PB 0x0000000092700000| Complete |  0
| 112|0x0000000092800000, 0x0000000092900000, 0x0000000092900000|100%| E|CS|TAMS 0x0000000092800000| PB 0x0000000092800000| Complete |  0
| 113|0x0000000092900000, 0x0000000092a00000, 0x0000000092a00000|100%| E|CS|TAMS 0x0000000092900000| PB 0x0000000092900000| Complete |  0
| 114|0x0000000092a00000, 0x0000000092b00000, 0x0000000092b00000|100%| E|CS|TAMS 0x0000000092a00000| PB 0x0000000092a00000| Complete |  1
| 115|0x0000000092b00000, 0x0000000092c00000, 0x0000000092c00000|100%| E|CS|TAMS 0x0000000092b00000| PB 0x0000000092b00000| Complete |  0
| 116|0x0000000092c00000, 0x0000000092d00000, 0x0000000092d00000|100%| E|CS|TAMS 0x0000000092c00000| PB 0x0000000092c00000| Complete |  0
| 117|0x0000000092d00000, 0x0000000092e00000, 0x0000000092e00000|100%| E|CS|TAMS 0x0000000092d00000| PB 0x0000000092d00000| Complete |  0
| 118|0x0000000092e00000, 0x0000000092f00000, 0x0000000092f00000|100%| E|CS|TAMS 0x0000000092e00000| PB 0x0000000092e00000| Complete |  0
| 119|0x0000000092f00000, 0x0000000093000000, 0x0000000093000000|100%| E|CS|TAMS 0x0000000092f00000| PB 0x0000000092f00000| Complete |  0
| 120|0x0000000093000000, 0x0000000093100000, 0x0000000093100000|100%| E|CS|TAMS 0x0000000093000000| PB 0x0000000093000000| Complete |  0
| 121|0x0000000093100000, 0x0000000093200000, 0x0000000093200000|100%| E|CS|TAMS 0x0000000093100000| PB 0x0000000093100000| Complete |  0
| 122|0x0000000093200000, 0x0000000093300000, 0x0000000093300000|100%| E|CS|TAMS 0x0000000093200000| PB 0x0000000093200000| Complete |  0
| 123|0x0000000093300000, 0x0000000093400000, 0x0000000093400000|100%| E|CS|TAMS 0x0000000093300000| PB 0x0000000093300000| Complete |  0
| 124|0x0000000093400000, 0x0000000093500000, 0x0000000093500000|100%| E|CS|TAMS 0x0000000093400000| PB 0x0000000093400000| Complete |  0
| 125|0x0000000093500000, 0x0000000093600000, 0x0000000093600000|100%| E|CS|TAMS 0x0000000093500000| PB 0x0000000093500000| Complete |  0
| 126|0x0000000093600000, 0x0000000093700000, 0x0000000093700000|100%| E|CS|TAMS 0x0000000093600000| PB 0x0000000093600000| Complete |  0
| 127|0x0000000093700000, 0x0000000093800000, 0x0000000093800000|100%| E|CS|TAMS 0x0000000093700000| PB 0x0000000093700000| Complete |  0
| 128|0x0000000093800000, 0x0000000093900000, 0x0000000093900000|100%| E|CS|TAMS 0x0000000093800000| PB 0x0000000093800000| Complete |  0
| 129|0x0000000093900000, 0x0000000093a00000, 0x0000000093a00000|100%| E|CS|TAMS 0x0000000093900000| PB 0x0000000093900000| Complete |  0
| 130|0x0000000093a00000, 0x0000000093b00000, 0x0000000093b00000|100%| E|CS|TAMS 0x0000000093a00000| PB 0x0000000093a00000| Complete |  0
| 131|0x0000000093b00000, 0x0000000093c00000, 0x0000000093c00000|100%| E|CS|TAMS 0x0000000093b00000| PB 0x0000000093b00000| Complete |  0
| 132|0x0000000093c00000, 0x0000000093d00000, 0x0000000093d00000|100%| E|CS|TAMS 0x0000000093c00000| PB 0x0000000093c00000| Complete |  0
| 133|0x0000000093d00000, 0x0000000093e00000, 0x0000000093e00000|100%| E|CS|TAMS 0x0000000093d00000| PB 0x0000000093d00000| Complete |  0
| 134|0x0000000093e00000, 0x0000000093f00000, 0x0000000093f00000|100%| E|CS|TAMS 0x0000000093e00000| PB 0x0000000093e00000| Complete |  0
| 135|0x0000000093f00000, 0x0000000094000000, 0x0000000094000000|100%| E|CS|TAMS 0x0000000093f00000| PB 0x0000000093f00000| Complete |  0
| 136|0x0000000094000000, 0x0000000094100000, 0x0000000094100000|100%| E|CS|TAMS 0x0000000094000000| PB 0x0000000094000000| Complete |  0
| 137|0x0000000094100000, 0x0000000094200000, 0x0000000094200000|100%| E|CS|TAMS 0x0000000094100000| PB 0x0000000094100000| Complete |  0
| 138|0x0000000094200000, 0x0000000094300000, 0x0000000094300000|100%| E|CS|TAMS 0x0000000094200000| PB 0x0000000094200000| Complete |  0
| 139|0x0000000094300000, 0x0000000094400000, 0x0000000094400000|100%| E|CS|TAMS 0x0000000094300000| PB 0x0000000094300000| Complete |  0
| 140|0x0000000094400000, 0x0000000094500000, 0x0000000094500000|100%| E|CS|TAMS 0x0000000094400000| PB 0x0000000094400000| Complete |  0
| 141|0x0000000094500000, 0x0000000094600000, 0x0000000094600000|100%| E|CS|TAMS 0x0000000094500000| PB 0x0000000094500000| Complete |  0
| 142|0x0000000094600000, 0x0000000094700000, 0x0000000094700000|100%| E|CS|TAMS 0x0000000094600000| PB 0x0000000094600000| Complete |  0
| 143|0x0000000094700000, 0x0000000094800000, 0x0000000094800000|100%| E|CS|TAMS 0x0000000094700000| PB 0x0000000094700000| Complete |  0
| 144|0x0000000094800000, 0x0000000094900000, 0x0000000094900000|100%| E|CS|TAMS 0x0000000094800000| PB 0x0000000094800000| Complete |  0
| 145|0x0000000094900000, 0x0000000094a00000, 0x0000000094a00000|100%| E|CS|TAMS 0x0000000094900000| PB 0x0000000094900000| Complete |  0
| 146|0x0000000094a00000, 0x0000000094b00000, 0x0000000094b00000|100%| E|CS|TAMS 0x0000000094a00000| PB 0x0000000094a00000| Complete |  0
| 147|0x0000000094b00000, 0x0000000094c00000, 0x0000000094c00000|100%| E|CS|TAMS 0x0000000094b00000| PB 0x0000000094b00000| Complete |  0
| 148|0x0000000094c00000, 0x0000000094d00000, 0x0000000094d00000|100%| E|CS|TAMS 0x0000000094c00000| PB 0x0000000094c00000| Complete |  0
| 149|0x0000000094d00000, 0x0000000094e00000, 0x0000000094e00000|100%| E|CS|TAMS 0x0000000094d00000| PB 0x0000000094d00000| Complete |  0
| 150|0x0000000094e00000, 0x0000000094f00000, 0x0000000094f00000|100%| E|CS|TAMS 0x0000000094e00000| PB 0x0000000094e00000| Complete |  0
| 151|0x0000000094f00000, 0x0000000095000000, 0x0000000095000000|100%| E|CS|TAMS 0x0000000094f00000| PB 0x0000000094f00000| Complete |  0
| 152|0x0000000095000000, 0x0000000095100000, 0x0000000095100000|100%| E|CS|TAMS 0x0000000095000000| PB 0x0000000095000000| Complete |  0
| 153|0x0000000095100000, 0x0000000095200000, 0x0000000095200000|100%| E|CS|TAMS 0x0000000095100000| PB 0x0000000095100000| Complete |  0
| 154|0x0000000095200000, 0x0000000095300000, 0x0000000095300000|100%| E|CS|TAMS 0x0000000095200000| PB 0x0000000095200000| Complete |  0
| 155|0x0000000095300000, 0x0000000095400000, 0x0000000095400000|100%| E|CS|TAMS 0x0000000095300000| PB 0x0000000095300000| Complete |  0
| 156|0x0000000095400000, 0x0000000095500000, 0x0000000095500000|100%| E|CS|TAMS 0x0000000095400000| PB 0x0000000095400000| Complete |  0
| 157|0x0000000095500000, 0x0000000095600000, 0x0000000095600000|100%| E|CS|TAMS 0x0000000095500000| PB 0x0000000095500000| Complete |  0
| 158|0x0000000095600000, 0x0000000095700000, 0x0000000095700000|100%| E|CS|TAMS 0x0000000095600000| PB 0x0000000095600000| Complete |  0
| 159|0x0000000095700000, 0x0000000095800000, 0x0000000095800000|100%| E|CS|TAMS 0x0000000095700000| PB 0x0000000095700000| Complete |  0
| 160|0x0000000095800000, 0x0000000095900000, 0x0000000095900000|100%| E|CS|TAMS 0x0000000095800000| PB 0x0000000095800000| Complete |  0
| 161|0x0000000095900000, 0x0000000095a00000, 0x0000000095a00000|100%| E|CS|TAMS 0x0000000095900000| PB 0x0000000095900000| Complete |  0
| 162|0x0000000095a00000, 0x0000000095b00000, 0x0000000095b00000|100%| E|CS|TAMS 0x0000000095a00000| PB 0x0000000095a00000| Complete |  0
| 163|0x0000000095b00000, 0x0000000095c00000, 0x0000000095c00000|100%| E|CS|TAMS 0x0000000095b00000| PB 0x0000000095b00000| Complete |  0
| 164|0x0000000095c00000, 0x0000000095d00000, 0x0000000095d00000|100%| E|CS|TAMS 0x0000000095c00000| PB 0x0000000095c00000| Complete |  0
| 165|0x0000000095d00000, 0x0000000095e00000, 0x0000000095e00000|100%| E|CS|TAMS 0x0000000095d00000| PB 0x0000000095d00000| Complete |  0
| 166|0x0000000095e00000, 0x0000000095f00000, 0x0000000095f00000|100%| E|CS|TAMS 0x0000000095e00000| PB 0x0000000095e00000| Complete |  0
| 167|0x0000000095f00000, 0x0000000096000000, 0x0000000096000000|100%| E|CS|TAMS 0x0000000095f00000| PB 0x0000000095f00000| Complete |  0
| 168|0x0000000096000000, 0x0000000096100000, 0x0000000096100000|100%| E|CS|TAMS 0x0000000096000000| PB 0x0000000096000000| Complete |  0
|1855|0x00000000ff700000, 0x00000000ff800000, 0x00000000ff800000|100%| O|  |TAMS 0x00000000ff700000| PB 0x00000000ff700000| Untracked |  0
|1856|0x00000000ff800000, 0x00000000ff900000, 0x00000000ff900000|100%| O|  |TAMS 0x00000000ff800000| PB 0x00000000ff800000| Untracked |  0
|1857|0x00000000ff900000, 0x00000000ffa00000, 0x00000000ffa00000|100%| O|  |TAMS 0x00000000ff900000| PB 0x00000000ff900000| Untracked |  0
|1858|0x00000000ffa00000, 0x00000000ffb00000, 0x00000000ffb00000|100%| O|  |TAMS 0x00000000ffa00000| PB 0x00000000ffa00000| Untracked |  0
|1859|0x00000000ffb00000, 0x00000000ffc00000, 0x00000000ffc00000|100%| O|  |TAMS 0x00000000ffb00000| PB 0x00000000ffb00000| Untracked |  0
|1860|0x00000000ffc00000, 0x00000000ffd00000, 0x00000000ffd00000|100%| O|  |TAMS 0x00000000ffc00000| PB 0x00000000ffc00000| Untracked |  0
|1861|0x00000000ffd00000, 0x00000000ffe00000, 0x00000000ffe00000|100%| O|  |TAMS 0x00000000ffd00000| PB 0x00000000ffd00000| Untracked |  0
|1862|0x00000000ffe00000, 0x00000000fff00000, 0x00000000fff00000|100%| O|  |TAMS 0x00000000ffe00000| PB 0x00000000ffe00000| Untracked |  0
|1863|0x00000000fff00000, 0x0000000100000000, 0x0000000100000000|100%| E|CS|TAMS 0x00000000fff00000| PB 0x00000000fff00000| Complete |  0

Card table byte_map: [0x00000138d58c0000,0x00000138d5c70000] _byte_map_base: 0x00000138d5464000

Marking Bits: (CMBitMap*) 0x00000138bda833f0
 Bits: [0x00000138d5c70000, 0x00000138d7990000)

Polling page: 0x00000138bb800000

Metaspace:

Usage:
  Non-class:     29.52 MB used.
      Class:      3.09 MB used.
       Both:     32.61 MB used.

Virtual space:
  Non-class space:       64.00 MB reserved,      29.88 MB ( 47%) committed,  1 nodes.
      Class space:        1.00 GB reserved,       3.38 MB ( <1%) committed,  1 nodes.
             Both:        1.06 GB reserved,      33.25 MB (  3%) committed. 

Chunk freelists:
   Non-Class:  1.73 MB
       Class:  12.60 MB
        Both:  14.33 MB

MaxMetaspaceSize: unlimited
CompressedClassSpaceSize: 1.00 GB
Initial GC threshold: 21.00 MB
Current GC threshold: 46.88 MB
CDS: on
 - commit_granule_bytes: 65536.
 - commit_granule_words: 8192.
 - virtual_space_node_default_size: 8388608.
 - enlarge_chunks_in_place: 1.
UseCompressedClassPointers 1, UseCompactObjectHeaders 0
Narrow klass pointer bits 32, Max shift 3
Narrow klass base: 0x00000138db000000, Narrow klass shift: 0
Encoding Range: [0x00000138db000000 - 0x00000139db000000), (4294967296 bytes)
Klass Range:    [0x00000138db000000 - 0x000001391c000000), (1090519040 bytes)
Klass ID Range:  [8 - 1090519033) (1090519025)


Internal statistics:

num_allocs_failed_limit: 6.
num_arena_births: 632.
num_arena_deaths: 0.
num_vsnodes_births: 2.
num_vsnodes_deaths: 0.
num_space_committed: 532.
num_space_uncommitted: 0.
num_chunks_returned_to_freelist: 6.
num_chunks_taken_from_freelist: 1962.
num_chunk_merges: 6.
num_chunk_splits: 1324.
num_chunks_enlarged: 934.
num_inconsistent_stats: 0.

CodeHeap 'non-profiled nmethods': size=120064Kb used=6141Kb max_used=6141Kb free=113922Kb
 bounds [0x00000138cdca0000, 0x00000138ce2a0000, 0x00000138d51e0000]
CodeHeap 'profiled nmethods': size=120000Kb used=20373Kb max_used=20373Kb free=99626Kb
 bounds [0x00000138c61e0000, 0x00000138c75d0000, 0x00000138cd710000]
CodeHeap 'non-nmethods': size=5696Kb used=1432Kb max_used=1624Kb free=4263Kb
 bounds [0x00000138cd710000, 0x00000138cd980000, 0x00000138cdca0000]
CodeCache: size=245760Kb, used=27946Kb, max_used=28138Kb, free=217811Kb
 total_blobs=10798, nmethods=10216, adapters=484, full_count=0
Compilation: enabled, stopped_count=0, restarted_count=0

Compilation events (20 events):
Event: 21.694 Thread 0x00000138da39bc20 11192       3       com.sun.tools.javac.code.Type$JCPrimitiveType::isTrue (36 bytes)
Event: 21.694 Thread 0x00000138da39bc20 nmethod 11192 0x00000138c7577c08 code [0x00000138c7577d80, 0x00000138c75785a8]
Event: 21.694 Thread 0x00000138da39bc20 11193       3       com.sun.tools.javac.code.Type$JCPrimitiveType::isFalse (36 bytes)
Event: 21.695 Thread 0x00000138da39bc20 nmethod 11193 0x00000138c7578688 code [0x00000138c7578800, 0x00000138c7579028]
Event: 21.695 Thread 0x00000138da39bc20 11194       3       com.sun.tools.javac.tree.JCTree$JCParens::getTag (4 bytes)
Event: 21.695 Thread 0x00000138da39bc20 nmethod 11194 0x00000138c7579108 code [0x00000138c7579200, 0x00000138c7579310]
Event: 21.695 Thread 0x00000138da39bc20 11198       3       com.sun.tools.javac.comp.Resolve$ResolveError::<init> (20 bytes)
Event: 21.695 Thread 0x00000138da39bc20 nmethod 11198 0x00000138c7579408 code [0x00000138c7579520, 0x00000138c7579750]
Event: 21.698 Thread 0x00000138da39bc20 11199       3       java.lang.System::getProperty (13 bytes)
Event: 21.698 Thread 0x00000138da39bc20 nmethod 11199 0x00000138c7579788 code [0x00000138c7579900, 0x00000138c7579f90]
Event: 21.698 Thread 0x00000138da39bc20 11200       3       com.sun.tools.javac.jvm.ClassWriter::writeStackMapType (431 bytes)
Event: 21.703 Thread 0x00000138da39bc20 nmethod 11200 0x00000138c757a008 code [0x00000138c757a720, 0x00000138c757ecd8]
Event: 21.703 Thread 0x00000138da39bc20 11201       3       com.sun.tools.javac.jvm.ClassWriter::writeCode (900 bytes)
Event: 21.708 Thread 0x00000138da39bc20 nmethod 11201 0x00000138c757ee08 code [0x00000138c757f740, 0x00000138c7584560]
Event: 21.708 Thread 0x00000138da39bc20 11203       3       com.sun.tools.javac.jvm.Code::emitop0 (2595 bytes)
Event: 21.711 Thread 0x00000138da394d70 nmethod 11164 0x00000138ce29c508 code [0x00000138ce29c7e0, 0x00000138ce29dd00]
Event: 21.712 Thread 0x00000138da394d70 11173       4       com.sun.tools.javac.code.Types::checkUnsafeVarargsConversion (125 bytes)
Event: 21.713 Thread 0x00000138da394d70 nmethod 11173 0x00000138ce29de88 code [0x00000138ce29dfa0, 0x00000138ce29e0c0]
Event: 21.713 Thread 0x00000138da394d70 11207       4       java.util.stream.AbstractPipeline::copyIntoWithCancel (46 bytes)
Event: 21.714 Thread 0x00000138da39bc20 nmethod 11203 0x00000138c7584788 code [0x00000138c75856c0, 0x00000138c758c278]

GC Heap History (20 events):
Event: 14.801 GC heap before
{Heap before GC invocations=8 (full 0):
 garbage-first heap   total reserved 1908736K, committed 120832K, used 94343K [0x000000008b800000, 0x0000000100000000)
  region size 1024K, 56 young (57344K), 9 survivors (9216K)
 Metaspace       used 27525K, committed 27904K, reserved 1114112K
  class space    used 2547K, committed 2752K, reserved 1048576K
}
Event: 14.822 GC heap after
{Heap after GC invocations=9 (full 0):
 garbage-first heap   total reserved 1908736K, committed 120832K, used 55296K [0x000000008b800000, 0x0000000100000000)
  region size 1024K, 7 young (7168K), 7 survivors (7168K)
 Metaspace       used 27525K, committed 27904K, reserved 1114112K
  class space    used 2547K, committed 2752K, reserved 1048576K
}
Event: 15.123 GC heap before
{Heap before GC invocations=9 (full 0):
 garbage-first heap   total reserved 1908736K, committed 120832K, used 98304K [0x000000008b800000, 0x0000000100000000)
  region size 1024K, 49 young (50176K), 7 survivors (7168K)
 Metaspace       used 27630K, committed 28032K, reserved 1114112K
  class space    used 2550K, committed 2752K, reserved 1048576K
}
Event: 15.141 GC heap after
{Heap after GC invocations=10 (full 0):
 garbage-first heap   total reserved 1908736K, committed 120832K, used 59392K [0x000000008b800000, 0x0000000100000000)
  region size 1024K, 4 young (4096K), 4 survivors (4096K)
 Metaspace       used 27630K, committed 28032K, reserved 1114112K
  class space    used 2550K, committed 2752K, reserved 1048576K
}
Event: 15.574 GC heap before
{Heap before GC invocations=10 (full 0):
 garbage-first heap   total reserved 1908736K, committed 120832K, used 101376K [0x000000008b800000, 0x0000000100000000)
  region size 1024K, 45 young (46080K), 4 survivors (4096K)
 Metaspace       used 28353K, committed 28672K, reserved 1114112K
  class space    used 2606K, committed 2752K, reserved 1048576K
}
Event: 15.587 GC heap after
{Heap after GC invocations=11 (full 0):
 garbage-first heap   total reserved 1908736K, committed 151552K, used 62881K [0x000000008b800000, 0x0000000100000000)
  region size 1024K, 4 young (4096K), 4 survivors (4096K)
 Metaspace       used 28353K, committed 28672K, reserved 1114112K
  class space    used 2606K, committed 2752K, reserved 1048576K
}
Event: 17.494 GC heap before
{Heap before GC invocations=12 (full 0):
 garbage-first heap   total reserved 1908736K, committed 151552K, used 126369K [0x000000008b800000, 0x0000000100000000)
  region size 1024K, 67 young (68608K), 4 survivors (4096K)
 Metaspace       used 30351K, committed 30784K, reserved 1114112K
  class space    used 2797K, committed 3008K, reserved 1048576K
}
Event: 17.503 GC heap after
{Heap after GC invocations=13 (full 0):
 garbage-first heap   total reserved 1908736K, committed 151552K, used 64741K [0x000000008b800000, 0x0000000100000000)
  region size 1024K, 6 young (6144K), 6 survivors (6144K)
 Metaspace       used 30351K, committed 30784K, reserved 1114112K
  class space    used 2797K, committed 3008K, reserved 1048576K
}
Event: 18.597 GC heap before
{Heap before GC invocations=13 (full 0):
 garbage-first heap   total reserved 1908736K, committed 151552K, used 130277K [0x000000008b800000, 0x0000000100000000)
  region size 1024K, 70 young (71680K), 6 survivors (6144K)
 Metaspace       used 31065K, committed 31680K, reserved 1114112K
  class space    used 2902K, committed 3200K, reserved 1048576K
}
Event: 18.611 GC heap after
{Heap after GC invocations=14 (full 0):
 garbage-first heap   total reserved 1908736K, committed 151552K, used 66182K [0x000000008b800000, 0x0000000100000000)
  region size 1024K, 4 young (4096K), 4 survivors (4096K)
 Metaspace       used 31065K, committed 31680K, reserved 1114112K
  class space    used 2902K, committed 3200K, reserved 1048576K
}
Event: 19.037 GC heap before
{Heap before GC invocations=14 (full 0):
 garbage-first heap   total reserved 1908736K, committed 151552K, used 133766K [0x000000008b800000, 0x0000000100000000)
  region size 1024K, 70 young (71680K), 4 survivors (4096K)
 Metaspace       used 31151K, committed 31744K, reserved 1114112K
  class space    used 2911K, committed 3200K, reserved 1048576K
}
Event: 19.047 GC heap after
{Heap after GC invocations=15 (full 0):
 garbage-first heap   total reserved 1908736K, committed 151552K, used 68230K [0x000000008b800000, 0x0000000100000000)
  region size 1024K, 6 young (6144K), 6 survivors (6144K)
 Metaspace       used 31151K, committed 31744K, reserved 1114112K
  class space    used 2911K, committed 3200K, reserved 1048576K
}
Event: 19.282 GC heap before
{Heap before GC invocations=15 (full 0):
 garbage-first heap   total reserved 1908736K, committed 151552K, used 135814K [0x000000008b800000, 0x0000000100000000)
  region size 1024K, 72 young (73728K), 6 survivors (6144K)
 Metaspace       used 31207K, committed 31808K, reserved 1114112K
  class space    used 2912K, committed 3200K, reserved 1048576K
}
Event: 19.290 GC heap after
{Heap after GC invocations=16 (full 0):
 garbage-first heap   total reserved 1908736K, committed 151552K, used 67900K [0x000000008b800000, 0x0000000100000000)
  region size 1024K, 4 young (4096K), 4 survivors (4096K)
 Metaspace       used 31207K, committed 31808K, reserved 1114112K
  class space    used 2912K, committed 3200K, reserved 1048576K
}
Event: 19.504 GC heap before
{Heap before GC invocations=16 (full 0):
 garbage-first heap   total reserved 1908736K, committed 151552K, used 137532K [0x000000008b800000, 0x0000000100000000)
  region size 1024K, 72 young (73728K), 4 survivors (4096K)
 Metaspace       used 31229K, committed 31808K, reserved 1114112K
  class space    used 2912K, committed 3200K, reserved 1048576K
}
Event: 19.512 GC heap after
{Heap after GC invocations=17 (full 0):
 garbage-first heap   total reserved 1908736K, committed 151552K, used 68718K [0x000000008b800000, 0x0000000100000000)
  region size 1024K, 5 young (5120K), 5 survivors (5120K)
 Metaspace       used 31229K, committed 31808K, reserved 1114112K
  class space    used 2912K, committed 3200K, reserved 1048576K
}
Event: 19.793 GC heap before
{Heap before GC invocations=17 (full 0):
 garbage-first heap   total reserved 1908736K, committed 151552K, used 137326K [0x000000008b800000, 0x0000000100000000)
  region size 1024K, 72 young (73728K), 5 survivors (5120K)
 Metaspace       used 31262K, committed 31872K, reserved 1114112K
  class space    used 2913K, committed 3200K, reserved 1048576K
}
Event: 19.802 GC heap after
{Heap after GC invocations=18 (full 0):
 garbage-first heap   total reserved 1908736K, committed 182272K, used 68502K [0x000000008b800000, 0x0000000100000000)
  region size 1024K, 5 young (5120K), 5 survivors (5120K)
 Metaspace       used 31262K, committed 31872K, reserved 1114112K
  class space    used 2913K, committed 3200K, reserved 1048576K
}
Event: 20.030 GC heap before
{Heap before GC invocations=18 (full 0):
 garbage-first heap   total reserved 1908736K, committed 182272K, used 165782K [0x000000008b800000, 0x0000000100000000)
  region size 1024K, 100 young (102400K), 5 survivors (5120K)
 Metaspace       used 31274K, committed 31872K, reserved 1114112K
  class space    used 2913K, committed 3200K, reserved 1048576K
}
Event: 20.038 GC heap after
{Heap after GC invocations=19 (full 0):
 garbage-first heap   total reserved 1908736K, committed 182272K, used 69245K [0x000000008b800000, 0x0000000100000000)
  region size 1024K, 5 young (5120K), 5 survivors (5120K)
 Metaspace       used 31274K, committed 31872K, reserved 1114112K
  class space    used 2913K, committed 3200K, reserved 1048576K
}

Dll operation events (8 events):
Event: 0.009 Loaded shared library C:\Users\lobin\.jdks\loom-ea-25-loom+1-11\bin\java.dll
Event: 0.035 Loaded shared library C:\Users\lobin\.jdks\loom-ea-25-loom+1-11\bin\jsvml.dll
Event: 0.047 Loaded shared library C:\Users\lobin\.jdks\loom-ea-25-loom+1-11\bin\net.dll
Event: 0.050 Loaded shared library C:\Users\lobin\.jdks\loom-ea-25-loom+1-11\bin\nio.dll
Event: 0.055 Loaded shared library C:\Users\lobin\.jdks\loom-ea-25-loom+1-11\bin\zip.dll
Event: 0.292 Loaded shared library C:\Users\lobin\Downloads\apache-maven-3.9.16\lib\jansi-native\Windows\x86_64\jansi.dll
Event: 0.293 Loaded shared library C:\Users\lobin\.jdks\loom-ea-25-loom+1-11\bin\jimage.dll
Event: 0.323 Loaded shared library C:\Users\lobin\.jdks\loom-ea-25-loom+1-11\bin\verify.dll

Deoptimization events (20 events):
Event: 21.481 Thread 0x00000138bda2f630 Uncommon trap: trap_request=0xffffffc6 fr.pc=0x00000138ce270778 relative=0x0000000000000298
Event: 21.481 Thread 0x00000138bda2f630 Uncommon trap: reason=bimorphic_or_optimized_type_check action=maybe_recompile pc=0x00000138ce270778 method=com.sun.tools.javac.code.Scope$Entry.next(Ljava/util/function/Predicate;)Lcom/sun/tools/javac/code/Scope$Entry; @ 22 c2
Event: 21.481 Thread 0x00000138bda2f630 DEOPT PACKING pc=0x00000138ce270778 sp=0x0000000bfc0fd100
Event: 21.481 Thread 0x00000138bda2f630 DEOPT UNPACKING pc=0x00000138cd829c62 sp=0x0000000bfc0fcf78 mode 2
Event: 21.481 Thread 0x00000138bda2f630 Uncommon trap: trap_request=0xffffffc6 fr.pc=0x00000138ce270778 relative=0x0000000000000298
Event: 21.481 Thread 0x00000138bda2f630 Uncommon trap: reason=bimorphic_or_optimized_type_check action=maybe_recompile pc=0x00000138ce270778 method=com.sun.tools.javac.code.Scope$Entry.next(Ljava/util/function/Predicate;)Lcom/sun/tools/javac/code/Scope$Entry; @ 22 c2
Event: 21.481 Thread 0x00000138bda2f630 DEOPT PACKING pc=0x00000138ce270778 sp=0x0000000bfc0fd100
Event: 21.481 Thread 0x00000138bda2f630 DEOPT UNPACKING pc=0x00000138cd829c62 sp=0x0000000bfc0fcf78 mode 2
Event: 21.481 Thread 0x00000138bda2f630 Uncommon trap: trap_request=0xffffffc6 fr.pc=0x00000138ce270778 relative=0x0000000000000298
Event: 21.481 Thread 0x00000138bda2f630 Uncommon trap: reason=bimorphic_or_optimized_type_check action=maybe_recompile pc=0x00000138ce270778 method=com.sun.tools.javac.code.Scope$Entry.next(Ljava/util/function/Predicate;)Lcom/sun/tools/javac/code/Scope$Entry; @ 22 c2
Event: 21.481 Thread 0x00000138bda2f630 DEOPT PACKING pc=0x00000138ce270778 sp=0x0000000bfc0fd100
Event: 21.481 Thread 0x00000138bda2f630 DEOPT UNPACKING pc=0x00000138cd829c62 sp=0x0000000bfc0fcf78 mode 2
Event: 21.482 Thread 0x00000138bda2f630 Uncommon trap: trap_request=0xffffffc6 fr.pc=0x00000138ce270778 relative=0x0000000000000298
Event: 21.482 Thread 0x00000138bda2f630 Uncommon trap: reason=bimorphic_or_optimized_type_check action=maybe_recompile pc=0x00000138ce270778 method=com.sun.tools.javac.code.Scope$Entry.next(Ljava/util/function/Predicate;)Lcom/sun/tools/javac/code/Scope$Entry; @ 22 c2
Event: 21.482 Thread 0x00000138bda2f630 DEOPT PACKING pc=0x00000138ce270778 sp=0x0000000bfc0fd100
Event: 21.483 Thread 0x00000138bda2f630 DEOPT UNPACKING pc=0x00000138cd829c62 sp=0x0000000bfc0fcf78 mode 2
Event: 21.484 Thread 0x00000138bda2f630 Uncommon trap: trap_request=0xffffffc6 fr.pc=0x00000138ce270c94 relative=0x0000000000000154
Event: 21.484 Thread 0x00000138bda2f630 Uncommon trap: reason=bimorphic_or_optimized_type_check action=maybe_recompile pc=0x00000138ce270c94 method=com.sun.tools.javac.code.Scope$Entry.next(Ljava/util/function/Predicate;)Lcom/sun/tools/javac/code/Scope$Entry; @ 22 c2
Event: 21.484 Thread 0x00000138bda2f630 DEOPT PACKING pc=0x00000138ce270c94 sp=0x0000000bfc0fd030
Event: 21.484 Thread 0x00000138bda2f630 DEOPT UNPACKING pc=0x00000138cd829c62 sp=0x0000000bfc0fcfc8 mode 2

Classes loaded (20 events):
Event: 20.763 Loading class java/util/stream/Node$Builder$OfInt done
Event: 20.763 Loading class java/util/stream/Nodes$IntArrayNode
Event: 20.764 Loading class java/util/stream/Nodes$IntArrayNode done
Event: 20.764 Loading class java/util/stream/Nodes$IntFixedNodeBuilder done
Event: 20.764 Loading class java/util/stream/ReferencePipeline$4$1
Event: 20.764 Loading class java/util/stream/ReferencePipeline$4$1 done
Event: 20.989 Loading class java/util/stream/ReduceOps$2
Event: 20.989 Loading class java/util/stream/ReduceOps$2 done
Event: 20.989 Loading class java/util/stream/ReduceOps$2ReducingSink
Event: 20.990 Loading class java/util/stream/ReduceOps$2ReducingSink done
Event: 21.373 Loading class java/lang/invoke/MethodHandleImpl$Makers
Event: 21.374 Loading class java/lang/invoke/MethodHandleImpl$Makers done
Event: 21.374 Loading class java/lang/invoke/MethodHandleImpl$Makers$1
Event: 21.374 Loading class java/lang/invoke/MethodHandleImpl$Makers$1 done
Event: 21.374 Loading class java/lang/invoke/MethodHandleImpl$Makers$2
Event: 21.374 Loading class java/lang/invoke/MethodHandleImpl$Makers$2 done
Event: 21.374 Loading class java/lang/invoke/MethodHandleImpl$Makers$3
Event: 21.374 Loading class java/lang/invoke/MethodHandleImpl$Makers$3 done
Event: 21.374 Loading class java/lang/invoke/MethodHandleImpl$CountingWrapper
Event: 21.375 Loading class java/lang/invoke/MethodHandleImpl$CountingWrapper done

Classes unloaded (0 events):
No events

Classes redefined (0 events):
No events

Internal exceptions (20 events):
Event: 21.628 Thread 0x00000138bda2f630 Exception <a 'sun/nio/fs/WindowsException'{0x000000009296d310}> (0x000000009296d310) 
thrown [s\open\src\hotspot\share\prims\jni.cpp, line 516]
Event: 21.629 Thread 0x00000138bda2f630 Exception <a 'sun/nio/fs/WindowsException'{0x000000009296daf0}> (0x000000009296daf0) 
thrown [s\open\src\hotspot\share\prims\jni.cpp, line 516]
Event: 21.638 Thread 0x00000138bda2f630 Exception <a 'sun/nio/fs/WindowsException'{0x00000000929887e8}> (0x00000000929887e8) 
thrown [s\open\src\hotspot\share\prims\jni.cpp, line 516]
Event: 21.638 Thread 0x00000138bda2f630 Exception <a 'sun/nio/fs/WindowsException'{0x0000000092988f38}> (0x0000000092988f38) 
thrown [s\open\src\hotspot\share\prims\jni.cpp, line 516]
Event: 21.638 Thread 0x00000138bda2f630 Exception <a 'sun/nio/fs/WindowsException'{0x0000000092989a80}> (0x0000000092989a80) 
thrown [s\open\src\hotspot\share\prims\jni.cpp, line 516]
Event: 21.655 Thread 0x00000138bda2f630 Exception <a 'sun/nio/fs/WindowsException'{0x00000000929b3110}> (0x00000000929b3110) 
thrown [s\open\src\hotspot\share\prims\jni.cpp, line 516]
Event: 21.655 Thread 0x00000138bda2f630 Exception <a 'sun/nio/fs/WindowsException'{0x00000000929b3858}> (0x00000000929b3858) 
thrown [s\open\src\hotspot\share\prims\jni.cpp, line 516]
Event: 21.655 Thread 0x00000138bda2f630 Exception <a 'sun/nio/fs/WindowsException'{0x00000000929b4380}> (0x00000000929b4380) 
thrown [s\open\src\hotspot\share\prims\jni.cpp, line 516]
Event: 21.655 Thread 0x00000138bda2f630 Exception <a 'sun/nio/fs/WindowsException'{0x00000000929b4b60}> (0x00000000929b4b60) 
thrown [s\open\src\hotspot\share\prims\jni.cpp, line 516]
Event: 21.655 Thread 0x00000138bda2f630 Exception <a 'sun/nio/fs/WindowsException'{0x00000000929b5130}> (0x00000000929b5130) 
thrown [s\open\src\hotspot\share\prims\jni.cpp, line 516]
Event: 21.656 Thread 0x00000138bda2f630 Exception <a 'sun/nio/fs/WindowsException'{0x00000000929b5908}> (0x00000000929b5908) 
thrown [s\open\src\hotspot\share\prims\jni.cpp, line 516]
Event: 21.696 Thread 0x00000138bda2f630 Exception <a 'sun/nio/fs/WindowsException'{0x00000000928b5118}> (0x00000000928b5118) 
thrown [s\open\src\hotspot\share\prims\jni.cpp, line 516]
Event: 21.696 Thread 0x00000138bda2f630 Exception <a 'sun/nio/fs/WindowsException'{0x00000000928b5850}> (0x00000000928b5850) 
thrown [s\open\src\hotspot\share\prims\jni.cpp, line 516]
Event: 21.696 Thread 0x00000138bda2f630 Exception <a 'sun/nio/fs/WindowsException'{0x00000000928b6320}> (0x00000000928b6320) 
thrown [s\open\src\hotspot\share\prims\jni.cpp, line 516]
Event: 21.706 Thread 0x00000138bda2f630 Exception <a 'sun/nio/fs/WindowsException'{0x000000009270d258}> (0x000000009270d258) 
thrown [s\open\src\hotspot\share\prims\jni.cpp, line 516]
Event: 21.706 Thread 0x00000138bda2f630 Exception <a 'sun/nio/fs/WindowsException'{0x000000009270d998}> (0x000000009270d998) 
thrown [s\open\src\hotspot\share\prims\jni.cpp, line 516]
Event: 21.706 Thread 0x00000138bda2f630 Exception <a 'sun/nio/fs/WindowsException'{0x000000009270e470}> (0x000000009270e470) 
thrown [s\open\src\hotspot\share\prims\jni.cpp, line 516]
Event: 21.713 Thread 0x00000138bda2f630 Exception <a 'sun/nio/fs/WindowsException'{0x0000000092750e80}> (0x0000000092750e80) 
thrown [s\open\src\hotspot\share\prims\jni.cpp, line 516]
Event: 21.713 Thread 0x00000138bda2f630 Exception <a 'sun/nio/fs/WindowsException'{0x00000000927515b8}> (0x00000000927515b8) 
thrown [s\open\src\hotspot\share\prims\jni.cpp, line 516]
Event: 21.713 Thread 0x00000138bda2f630 Exception <a 'sun/nio/fs/WindowsException'{0x0000000092752088}> (0x0000000092752088) 
thrown [s\open\src\hotspot\share\prims\jni.cpp, line 516]

VM Operations (20 events):
Event: 20.456 Executing non-safepoint VM operation: HandshakeAllThreads (Deoptimize)
Event: 20.456 Executing non-safepoint VM operation: HandshakeAllThreads (Deoptimize) done
Event: 20.479 Executing non-safepoint VM operation: HandshakeAllThreads (Deoptimize)
Event: 20.479 Executing non-safepoint VM operation: HandshakeAllThreads (Deoptimize) done
Event: 20.561 Executing non-safepoint VM operation: HandshakeAllThreads (Deoptimize)
Event: 20.561 Executing non-safepoint VM operation: HandshakeAllThreads (Deoptimize) done
Event: 20.563 Executing non-safepoint VM operation: HandshakeAllThreads (Deoptimize)
Event: 20.563 Executing non-safepoint VM operation: HandshakeAllThreads (Deoptimize) done
Event: 20.578 Executing non-safepoint VM operation: HandshakeAllThreads (Deoptimize)
Event: 20.578 Executing non-safepoint VM operation: HandshakeAllThreads (Deoptimize) done
Event: 20.589 Executing non-safepoint VM operation: HandshakeAllThreads (Deoptimize)
Event: 20.589 Executing non-safepoint VM operation: HandshakeAllThreads (Deoptimize) done
Event: 20.762 Executing non-safepoint VM operation: HandshakeAllThreads (Deoptimize)
Event: 20.762 Executing non-safepoint VM operation: HandshakeAllThreads (Deoptimize) done
Event: 20.834 Executing non-safepoint VM operation: HandshakeAllThreads (Deoptimize)
Event: 20.834 Executing non-safepoint VM operation: HandshakeAllThreads (Deoptimize) done
Event: 21.083 Executing non-safepoint VM operation: HandshakeAllThreads (Deoptimize)
Event: 21.083 Executing non-safepoint VM operation: HandshakeAllThreads (Deoptimize) done
Event: 21.368 Executing non-safepoint VM operation: HandshakeAllThreads (Deoptimize)
Event: 21.368 Executing non-safepoint VM operation: HandshakeAllThreads (Deoptimize) done

Memory protections (0 events):
No events

Nmethod flushes (20 events):
Event: 15.642 Thread 0x00000138da358d10 flushing  nmethod 0x00000138c6d5d788
Event: 15.642 Thread 0x00000138da358d10 flushing  nmethod 0x00000138c6d5da88
Event: 15.642 Thread 0x00000138da358d10 flushing  nmethod 0x00000138c6d5dd88
Event: 15.642 Thread 0x00000138da358d10 flushing  nmethod 0x00000138c6d5e088
Event: 15.642 Thread 0x00000138da358d10 flushing  nmethod 0x00000138c6d5e488
Event: 15.642 Thread 0x00000138da358d10 flushing  nmethod 0x00000138c6d5e888
Event: 15.642 Thread 0x00000138da358d10 flushing  nmethod 0x00000138c6d5ec88
Event: 15.642 Thread 0x00000138da358d10 flushing  nmethod 0x00000138c6d5f088
Event: 15.642 Thread 0x00000138da358d10 flushing  nmethod 0x00000138c6d5f488
Event: 15.642 Thread 0x00000138da358d10 flushing  nmethod 0x00000138c6d5fa88
Event: 15.642 Thread 0x00000138da358d10 flushing  nmethod 0x00000138c6d60088
Event: 15.642 Thread 0x00000138da358d10 flushing  nmethod 0x00000138c6d60688
Event: 15.642 Thread 0x00000138da358d10 flushing  nmethod 0x00000138c6d60a88
Event: 15.642 Thread 0x00000138da358d10 flushing  nmethod 0x00000138c6d61408
Event: 15.642 Thread 0x00000138da358d10 flushing  nmethod 0x00000138c6d61788
Event: 15.642 Thread 0x00000138da358d10 flushing  nmethod 0x00000138c6d61c88
Event: 15.642 Thread 0x00000138da358d10 flushing  nmethod 0x00000138c6d62008
Event: 15.642 Thread 0x00000138da358d10 flushing  nmethod 0x00000138c6d62388
Event: 15.642 Thread 0x00000138da358d10 flushing  nmethod 0x00000138c6d63f08
Event: 15.642 Thread 0x00000138da358d10 flushing  nmethod 0x00000138c6d64408

Events (20 events):
Event: 0.890 Thread 0x00000138da39bc20 Thread added: 0x00000138da39b490
Event: 1.667 Thread 0x00000138da39b490 Thread exited: 0x00000138da39b490
Event: 2.382 Thread 0x00000138bda2f630 Thread added: 0x0000013920f55b30
Event: 2.592 Thread 0x00000138da39ad00 Thread added: 0x00000138da39a570
Event: 3.547 Thread 0x00000138da39a570 Thread exited: 0x00000138da39a570
Event: 3.547 Thread 0x00000138da39ad00 Thread exited: 0x00000138da39ad00
Event: 4.723 Thread 0x00000138da39bc20 Thread added: 0x00000138da39c3b0
Event: 6.260 Thread 0x00000138da39c3b0 Thread exited: 0x00000138da39c3b0
Event: 6.562 Thread 0x00000138da39bc20 Thread added: 0x00000138da39c3b0
Event: 7.110 Thread 0x00000138da39c3b0 Thread exited: 0x00000138da39c3b0
Event: 7.220 Thread 0x00000138da39bc20 Thread added: 0x00000138da39d2d0
Event: 7.782 Thread 0x00000138da39bc20 Thread added: 0x00000138da39c3b0
Event: 8.389 Thread 0x00000138da39d2d0 Thread exited: 0x00000138da39d2d0
Event: 8.389 Thread 0x00000138da39c3b0 Thread exited: 0x00000138da39c3b0
Event: 8.940 Thread 0x00000138da39bc20 Thread added: 0x00000138da39cb40
Event: 10.650 Thread 0x00000138da39cb40 Thread exited: 0x00000138da39cb40
Event: 11.882 Thread 0x00000138da39bc20 Thread added: 0x00000138da39da60
Event: 12.727 Thread 0x00000138da39da60 Thread added: 0x00000138da39ad00
Event: 13.936 Thread 0x00000138da39ad00 Thread exited: 0x00000138da39ad00
Event: 14.672 Thread 0x00000138da394d70 Thread added: 0x00000138da39c3b0


Dynamic libraries:
0x00007ff7cfb70000 - 0x00007ff7cfb7e000 	C:\Users\lobin\.jdks\loom-ea-25-loom+1-11\bin\java.exe
0x00007ff9c7120000 - 0x00007ff9c7386000 	C:\WINDOWS\SYSTEM32\ntdll.dll
0x00007ff9c5e00000 - 0x00007ff9c5ec9000 	C:\WINDOWS\System32\KERNEL32.DLL
0x00007ff9c43b0000 - 0x00007ff9c47aa000 	C:\WINDOWS\System32\KERNELBASE.dll
0x00007ff9c4cb0000 - 0x00007ff9c4dfc000 	C:\WINDOWS\System32\ucrtbase.dll
0x00007ff9902e0000 - 0x00007ff9902fb000 	C:\Users\lobin\.jdks\loom-ea-25-loom+1-11\bin\VCRUNTIME140.dll
0x00007ff96c940000 - 0x00007ff96c957000 	C:\Users\lobin\.jdks\loom-ea-25-loom+1-11\bin\jli.dll
0x00007ff9c4ec0000 - 0x00007ff9c5087000 	C:\WINDOWS\System32\USER32.dll
0x00007ff9b1d10000 - 0x00007ff9b1fa2000 	C:\WINDOWS\WinSxS\amd64_microsoft.windows.common-controls_6595b64144ccf1df_6.0.26100.8521_none_3e08b75ce33403b3\COMCTL32.dll
0x00007ff9c4870000 - 0x00007ff9c4897000 	C:\WINDOWS\System32\win32u.dll
0x00007ff9c5140000 - 0x00007ff9c51e9000 	C:\WINDOWS\System32\msvcrt.dll
0x00007ff9c50c0000 - 0x00007ff9c50eb000 	C:\WINDOWS\System32\GDI32.dll
0x00007ff9c4a20000 - 0x00007ff9c4b4b000 	C:\WINDOWS\System32\gdi32full.dll
0x00007ff9c4c00000 - 0x00007ff9c4ca3000 	C:\WINDOWS\System32\msvcp_win.dll
0x00007ff9c60f0000 - 0x00007ff9c6122000 	C:\WINDOWS\System32\IMM32.DLL
0x00007ff9b49b0000 - 0x00007ff9b49bc000 	C:\Users\lobin\.jdks\loom-ea-25-loom+1-11\bin\vcruntime140_1.dll
0x00007ff950ee0000 - 0x00007ff950f6e000 	C:\Users\lobin\.jdks\loom-ea-25-loom+1-11\bin\msvcp140.dll
0x00007ff9195a0000 - 0x00007ff91a343000 	C:\Users\lobin\.jdks\loom-ea-25-loom+1-11\bin\server\jvm.dll
0x00007ff9c5fd0000 - 0x00007ff9c6086000 	C:\WINDOWS\System32\ADVAPI32.dll
0x00007ff9c7020000 - 0x00007ff9c70ca000 	C:\WINDOWS\System32\sechost.dll
0x00007ff9c61f0000 - 0x00007ff9c6308000 	C:\WINDOWS\System32\RPCRT4.dll
0x00007ff9c6390000 - 0x00007ff9c6410000 	C:\WINDOWS\System32\WS2_32.dll
0x00007ff9c4210000 - 0x00007ff9c426e000 	C:\WINDOWS\SYSTEM32\POWRPROF.dll
0x00007ff9bb180000 - 0x00007ff9bb1b6000 	C:\WINDOWS\SYSTEM32\WINMM.dll
0x00007ff9b6ba0000 - 0x00007ff9b6bab000 	C:\WINDOWS\SYSTEM32\VERSION.dll
0x00007ff9c41f0000 - 0x00007ff9c4204000 	C:\WINDOWS\SYSTEM32\UMPDC.dll
0x00007ff9c3100000 - 0x00007ff9c311b000 	C:\WINDOWS\SYSTEM32\kernel.appcore.dll
0x00007ff9b1050000 - 0x00007ff9b105a000 	C:\Users\lobin\.jdks\loom-ea-25-loom+1-11\bin\jimage.dll
0x00007ff9b7cf0000 - 0x00007ff9b7f32000 	C:\WINDOWS\SYSTEM32\DBGHELP.DLL
0x00007ff9c6b20000 - 0x00007ff9c6ea3000 	C:\WINDOWS\System32\combase.dll
0x00007ff9c5cb0000 - 0x00007ff9c5d89000 	C:\WINDOWS\System32\OLEAUT32.dll
0x00007ff9afe90000 - 0x00007ff9afecb000 	C:\WINDOWS\SYSTEM32\dbgcore.DLL
0x00007ff9c4b50000 - 0x00007ff9c4bf8000 	C:\WINDOWS\System32\bcryptPrimitives.dll
0x00007ff96c6c0000 - 0x00007ff96c6de000 	C:\Users\lobin\.jdks\loom-ea-25-loom+1-11\bin\java.dll
0x00007ff9c51f0000 - 0x00007ff9c5388000 	C:\WINDOWS\System32\ole32.dll
0x00007ff9c5490000 - 0x00007ff9c5c14000 	C:\WINDOWS\System32\SHELL32.dll
0x00007ff9c1f30000 - 0x00007ff9c27b0000 	C:\WINDOWS\SYSTEM32\windows.storage.dll
0x00007ff9c5ed0000 - 0x00007ff9c5fc6000 	C:\WINDOWS\System32\SHCORE.dll
0x00007ff9c5d90000 - 0x00007ff9c5df7000 	C:\WINDOWS\System32\shlwapi.dll
0x00007ff9c42d0000 - 0x00007ff9c42f9000 	C:\WINDOWS\SYSTEM32\profapi.dll
0x00007ff928580000 - 0x00007ff928657000 	C:\Users\lobin\.jdks\loom-ea-25-loom+1-11\bin\jsvml.dll
0x00007ff9af680000 - 0x00007ff9af690000 	C:\Users\lobin\.jdks\loom-ea-25-loom+1-11\bin\net.dll
0x00007ff9c3650000 - 0x00007ff9c36bc000 	C:\WINDOWS\system32\mswsock.dll
0x00007ff96c6a0000 - 0x00007ff96c6b6000 	C:\Users\lobin\.jdks\loom-ea-25-loom+1-11\bin\nio.dll
0x00007ff96c680000 - 0x00007ff96c697000 	C:\Users\lobin\.jdks\loom-ea-25-loom+1-11\bin\zip.dll
0x00007ff9642b0000 - 0x00007ff9642d4000 	C:\Users\lobin\Downloads\apache-maven-3.9.16\lib\jansi-native\Windows\x86_64\jansi.dll
0x00007ff9ab550000 - 0x00007ff9ab560000 	C:\Users\lobin\.jdks\loom-ea-25-loom+1-11\bin\verify.dll
0x00007ff9c3220000 - 0x00007ff9c3256000 	C:\WINDOWS\SYSTEM32\ntmarta.dll

JVMTI agents: none

dbghelp: loaded successfully - version: 4.0.5 - missing functions: none
symbol engine: initialized successfully - sym options: 0x614 - pdb path: .;C:\Users\lobin\.jdks\loom-ea-25-loom+1-11\bin;C:\WINDOWS\SYSTEM32;C:\WINDOWS\WinSxS\amd64_microsoft.windows.common-controls_6595b64144ccf1df_6.0.26100.8521_none_3e08b75ce33403b3;C:\Users\lobin\.jdks\loom-ea-25-loom+1-11\bin\server;C:\Users\lobin\Downloads\apache-maven-3.9.16\lib\jansi-native\Windows\x86_64

VM Arguments:
jvm_args: --enable-native-access=ALL-UNNAMED -Dclassworlds.conf=C:\Users\lobin\Downloads\apache-maven-3.9.16\bin\m2.conf -Dmaven.home=C:\Users\lobin\Downloads\apache-maven-3.9.16 -Dlibrary.jansi.path=C:\Users\lobin\Downloads\apache-maven-3.9.16\lib\jansi-native -Dmaven.multiModuleProjectDirectory=C:\Users\lobin\Downloads\Clinica-medica-backend\clinica-medica-backend 
java_command: org.codehaus.plexus.classworlds.launcher.Launcher clean compile
java_class_path (initial): C:\Users\lobin\Downloads\apache-maven-3.9.16\boot\plexus-classworlds-2.11.0.jar
Launcher Type: SUN_STANDARD

[Global flags]
     intx CICompilerCount                          = 4                                         {product} {ergonomic}
     uint ConcGCThreads                            = 2                                         {product} {ergonomic}
     uint G1ConcRefinementThreads                  = 8                                         {product} {ergonomic}
   size_t G1HeapRegionSize                         = 1048576                                   {product} {ergonomic}
   size_t InitialHeapSize                          = 123731968                                 {product} {ergonomic}
   size_t MarkStackSize                            = 4194304                                   {product} {ergonomic}
   size_t MarkStackSizeMax                         = 536870912                                 {product} {ergonomic}
   size_t MaxHeapSize                              = 1954545664                                {product} {ergonomic}
   size_t MaxNewSize                               = 1172307968                                {product} {ergonomic}
   size_t MinHeapDeltaBytes                        = 1048576                                   {product} {ergonomic}
   size_t MinHeapSize                              = 8388608                                   {product} {ergonomic}
    uintx NonNMethodCodeHeapSize                   = 5832704                                {pd product} {ergonomic}
    uintx NonProfiledCodeHeapSize                  = 122945536                              {pd product} {ergonomic}
    uintx ProfiledCodeHeapSize                     = 122880000                              {pd product} {ergonomic}
    uintx ReservedCodeCacheSize                    = 251658240                              {pd product} {ergonomic}
     bool SegmentedCodeCache                       = true                                      {product} {ergonomic}
   size_t SoftMaxHeapSize                          = 1954545664                             {manageable} {ergonomic}
     bool UseCompressedOops                        = true                           {product lp64_product} {ergonomic}
     bool UseG1GC                                  = true                                      {product} {ergonomic}
     bool UseLargePagesIndividualAllocation        = false                                  {pd product} {ergonomic}

Logging:
Log output configuration:
 #0: stdout all=warning uptime,level,tags foldmultilines=false
 #1: stderr all=off uptime,level,tags foldmultilines=false

Environment Variables:
JAVA_HOME=C:\Users\lobin\.jdks\loom-ea-25-loom+1-11
PATH=C:\Program Files (x86)\Common Files\Intel\Shared Libraries\redist\intel64\compiler;C:\WINDOWS\system32;C:\WINDOWS;C:\WINDOWS\System32\Wbem;C:\WINDOWS\System32\WindowsPowerShell\v1.0\;C:\WINDOWS\System32\OpenSSH\;C:\Program Files\Go\bin;C:\Users\lobin\AppData\Local\Muse Hub\lib;C:\Users\lobin\Downloads\ffmpeg-8.0.1-essentials_build\ffmpeg-8.0.1-essentials_build\bin;C:\Program Files\dotnet\;C:\Program Files\Git\cmd;C:\Users\lobin\.jdks\loom-ea-25-loom+1-11\bin;C:\Users\lobin\.jdks\loom-ea-25-loom+1-11\bin;C:\Program Files\Docker\Docker\resources\bin;C:\nvm4w;C:\nvm4w\nodejs;C:\Users\lobin\AppData\Local\Android\Sdk\platform-tools;C:\Users\lobin\Downloads\apache-maven-3.9.16\bin;C:\Users\lobin\AppData\Local\Programs\Python\Python310\Scripts\;C:\Users\lobin\AppData\Local\Programs\Python\Python310\;C:\Users\lobin\AppData\Local\Programs\Python\Python312\Scripts\;C:\Users\lobin\AppData\Local\Programs\Python\Python312\;C:\Users\lobin\AppData\Local\Programs\Python\Launcher\;C:\Program Files\MySQL\MySQL Shell 8.0\bin\;C:\WINDOWS\system32;C:\WINDOWS;C:\WINDOWS\System32\Wbem;C:\WINDOWS\System32\WindowsPowerShell\v1.0\;C:\WINDOWS\System32\OpenSSH\;C:\Program Files\Go\bin;C:\Users\lobin\AppData\Local\Microsoft\WindowsApps;C:\Users\lobin\go\bin;C:\Program Files\Git\cmd;C:\Tools\bin;C:\Users\lobin\AppData\Local\Python\bin;C:\Users\lobin\AppData\Local\Programs\Microsoft VS Code\bin;C:\Users\lobin\AppData\Local\Microsoft\WindowsApps;C:\Users\lobin\AppData\Local\Muse Hub\lib;C:\Program Files\JetBrains\IntelliJ IDEA 2026.\bin;C:\Program Files\JetBrains\IntelliJ IDEA Community Edition 2024.2.6\bin;;C:\Users\lobin\AppData\Roaming\npm;C:\Flutter\flutter\bin;C:\Users\lobin\AppData\Local\nvm;C:\nvm4w\nodejs
USERNAME=lobin
LANG=pt_BR.UTF-8
OS=Windows_NT
PROCESSOR_IDENTIFIER=AMD64 Family 23 Model 160 Stepping 0, AuthenticAMD
TMP=C:\Users\lobin\AppData\Local\Temp
TEMP=C:\Users\lobin\AppData\Local\Temp




Compilation memory statistics disabled.

Periodic native trim disabled

---------------  S Y S T E M  ---------------

OS:
 Windows 11 , 64 bit Build 26100 (10.0.26100.8521)
OS uptime: 0 days 2:52 hours
Hyper-V role detected

CPU: total 8 (initial active 8) (8 cores per cpu, 2 threads per core) family 23 model 160 stepping 0 microcode 0x8a00006, cx8, cmov, fxsr, ht, mmx, 3dnowpref, sse, sse2, sse3, ssse3, sse4a, sse4.1, sse4.2, popcnt, lzcnt, tsc, tscinvbit, avx, avx2, aes, clmul, bmi1, bmi2, adx, sha, fma, vzeroupper, clflush, clflushopt, hv, rdtscp, rdpid, f16c
Processor Information for the first 8 processors :
  Max Mhz: 2801, Current Mhz: 2801, Mhz Limit: 2801

Memory: 4k page, system-wide physical 7455M (508M free)
TotalPageFile size 29983M (AvailPageFile size 61M)
current process WorkingSet (physical memory assigned to process): 357M, peak: 373M
current process commit charge ("private bytes"): 392M, peak: 417M

vm_info: OpenJDK 64-Bit Server VM (25-loom+1-11) for windows-amd64 JRE (25-loom+1-11), built on 2025-03-10T11:22:36Z with MS VC++ 17.6 (VS2022)

END.
